

================================================================
== Vitis HLS Report for 'mmult'
================================================================
* Date:           Thu Dec  5 04:19:25 2024

* Version:        2022.1 (Build 3526262 on Mon Apr 18 15:47:01 MDT 2022)
* Project:        mmult
* Solution:       solution (Vitis Kernel Flow Target)
* Product family: virtexuplus
* Target device:  xcu50-fsvh2104-2-e


================================================================
== Performance Estimates
================================================================
+ Timing: 
    * Summary: 
    +--------+---------+----------+------------+
    |  Clock |  Target | Estimated| Uncertainty|
    +--------+---------+----------+------------+
    |ap_clk  |  3.33 ns|  2.433 ns|     0.90 ns|
    +--------+---------+----------+------------+

+ Latency: 
    * Summary: 
    +---------+---------+----------+----------+-----+-----+---------+
    |  Latency (cycles) |  Latency (absolute) |  Interval | Pipeline|
    |   min   |   max   |    min   |    max   | min | max |   Type  |
    +---------+---------+----------+----------+-----+-----+---------+
    |        ?|        ?|         ?|         ?|    ?|    ?|       no|
    +---------+---------+----------+----------+-----+-----+---------+

    + Detail: 
        * Instance: 
        +--------------------------------------+--------------------------+---------+---------+-----------+-----------+-----+-----+---------+
        |                                      |                          |  Latency (cycles) |   Latency (absolute)  |  Interval | Pipeline|
        |               Instance               |          Module          |   min   |   max   |    min    |    max    | min | max |   Type  |
        +--------------------------------------+--------------------------+---------+---------+-----------+-----------+-----+-----+---------+
        |grp_mmult_Pipeline_init_fu_5888       |mmult_Pipeline_init       |       18|       18|  59.994 ns|  59.994 ns|   18|   18|       no|
        |grp_mmult_Pipeline_readA_fu_5940      |mmult_Pipeline_readA      |      328|      328|   1.093 us|   1.093 us|  328|  328|       no|
        |grp_mmult_Pipeline_readB_fu_5966      |mmult_Pipeline_readB      |      328|      328|   1.093 us|   1.093 us|  328|  328|       no|
        |grp_mmult_Pipeline_systolic1_fu_5992  |mmult_Pipeline_systolic1  |       50|       50|   0.167 us|   0.167 us|   50|   50|       no|
        |grp_mmult_Pipeline_writeC_fu_6876     |mmult_Pipeline_writeC     |        ?|        ?|          ?|          ?|    ?|    ?|       no|
        +--------------------------------------+--------------------------+---------+---------+-----------+-----------+-----+-----+---------+

        * Loop: 
        N/A



================================================================
== Utilization Estimates
================================================================
* Summary: 
+---------------------+---------+------+---------+--------+-----+
|         Name        | BRAM_18K|  DSP |    FF   |   LUT  | URAM|
+---------------------+---------+------+---------+--------+-----+
|DSP                  |        -|     -|        -|       -|    -|
|Expression           |        -|     -|        0|       4|    -|
|FIFO                 |        -|     -|        -|       -|    -|
|Instance             |        0|   771|    78454|   39679|    0|
|Memory               |        0|     -|     1024|    1056|    0|
|Multiplexer          |        -|     -|        -|    4264|    -|
|Register             |        -|     -|    16884|       -|    -|
+---------------------+---------+------+---------+--------+-----+
|Total                |        0|   771|    96362|   45003|    0|
+---------------------+---------+------+---------+--------+-----+
|Available SLR        |     1344|  2976|   871680|  435840|  320|
+---------------------+---------+------+---------+--------+-----+
|Utilization SLR (%)  |        0|    25|       11|      10|    0|
+---------------------+---------+------+---------+--------+-----+
|Available            |     2688|  5952|  1743360|  871680|  640|
+---------------------+---------+------+---------+--------+-----+
|Utilization (%)      |        0|    12|        5|       5|    0|
+---------------------+---------+------+---------+--------+-----+

+ Detail: 
    * Instance: 
    +--------------------------------------+--------------------------+---------+-----+-------+-------+-----+
    |               Instance               |          Module          | BRAM_18K| DSP |   FF  |  LUT  | URAM|
    +--------------------------------------+--------------------------+---------+-----+-------+-------+-----+
    |control_s_axi_U                       |control_s_axi             |        0|    0|    360|    616|    0|
    |gmem0_m_axi_U                         |gmem0_m_axi               |        0|    0|    764|   1118|    0|
    |gmem1_m_axi_U                         |gmem1_m_axi               |        0|    0|    764|   1118|    0|
    |gmem2_m_axi_U                         |gmem2_m_axi               |        0|    0|    764|   1118|    0|
    |grp_mmult_Pipeline_init_fu_5888       |mmult_Pipeline_init       |        0|    0|      7|     49|    0|
    |grp_mmult_Pipeline_readA_fu_5940      |mmult_Pipeline_readA      |        0|    0|    203|    621|    0|
    |grp_mmult_Pipeline_readB_fu_5966      |mmult_Pipeline_readB      |        0|    0|    203|    621|    0|
    |grp_mmult_Pipeline_systolic1_fu_5992  |mmult_Pipeline_systolic1  |        0|  762|  74694|  32553|    0|
    |grp_mmult_Pipeline_writeC_fu_6876     |mmult_Pipeline_writeC     |        0|    0|    200|   1718|    0|
    |mul_32s_32s_32_2_1_U1477              |mul_32s_32s_32_2_1        |        0|    3|    165|     49|    0|
    |mul_32s_32s_32_2_1_U1478              |mul_32s_32s_32_2_1        |        0|    3|    165|     49|    0|
    |mul_32s_32s_32_2_1_U1479              |mul_32s_32s_32_2_1        |        0|    3|    165|     49|    0|
    +--------------------------------------+--------------------------+---------+-----+-------+-------+-----+
    |Total                                 |                          |        0|  771|  78454|  39679|    0|
    +--------------------------------------+--------------------------+---------+-----+-------+-------+-----+

    * DSP: 
    N/A

    * Memory: 
    +-------------+----------------------+---------+----+----+-----+------+-----+------+-------------+
    |    Memory   |        Module        | BRAM_18K| FF | LUT| URAM| Words| Bits| Banks| W*Bits*Banks|
    +-------------+----------------------+---------+----+----+-----+------+-----+------+-------------+
    |localA_U     |localA_RAM_AUTO_1R1W  |        0|  32|  33|    0|    16|   32|     1|          512|
    |localA_1_U   |localA_RAM_AUTO_1R1W  |        0|  32|  33|    0|    16|   32|     1|          512|
    |localA_2_U   |localA_RAM_AUTO_1R1W  |        0|  32|  33|    0|    16|   32|     1|          512|
    |localA_3_U   |localA_RAM_AUTO_1R1W  |        0|  32|  33|    0|    16|   32|     1|          512|
    |localA_4_U   |localA_RAM_AUTO_1R1W  |        0|  32|  33|    0|    16|   32|     1|          512|
    |localA_5_U   |localA_RAM_AUTO_1R1W  |        0|  32|  33|    0|    16|   32|     1|          512|
    |localA_6_U   |localA_RAM_AUTO_1R1W  |        0|  32|  33|    0|    16|   32|     1|          512|
    |localA_7_U   |localA_RAM_AUTO_1R1W  |        0|  32|  33|    0|    16|   32|     1|          512|
    |localA_8_U   |localA_RAM_AUTO_1R1W  |        0|  32|  33|    0|    16|   32|     1|          512|
    |localA_9_U   |localA_RAM_AUTO_1R1W  |        0|  32|  33|    0|    16|   32|     1|          512|
    |localA_10_U  |localA_RAM_AUTO_1R1W  |        0|  32|  33|    0|    16|   32|     1|          512|
    |localA_11_U  |localA_RAM_AUTO_1R1W  |        0|  32|  33|    0|    16|   32|     1|          512|
    |localA_12_U  |localA_RAM_AUTO_1R1W  |        0|  32|  33|    0|    16|   32|     1|          512|
    |localA_13_U  |localA_RAM_AUTO_1R1W  |        0|  32|  33|    0|    16|   32|     1|          512|
    |localA_14_U  |localA_RAM_AUTO_1R1W  |        0|  32|  33|    0|    16|   32|     1|          512|
    |localA_15_U  |localA_RAM_AUTO_1R1W  |        0|  32|  33|    0|    16|   32|     1|          512|
    |localB_U     |localA_RAM_AUTO_1R1W  |        0|  32|  33|    0|    16|   32|     1|          512|
    |localB_1_U   |localA_RAM_AUTO_1R1W  |        0|  32|  33|    0|    16|   32|     1|          512|
    |localB_2_U   |localA_RAM_AUTO_1R1W  |        0|  32|  33|    0|    16|   32|     1|          512|
    |localB_3_U   |localA_RAM_AUTO_1R1W  |        0|  32|  33|    0|    16|   32|     1|          512|
    |localB_4_U   |localA_RAM_AUTO_1R1W  |        0|  32|  33|    0|    16|   32|     1|          512|
    |localB_5_U   |localA_RAM_AUTO_1R1W  |        0|  32|  33|    0|    16|   32|     1|          512|
    |localB_6_U   |localA_RAM_AUTO_1R1W  |        0|  32|  33|    0|    16|   32|     1|          512|
    |localB_7_U   |localA_RAM_AUTO_1R1W  |        0|  32|  33|    0|    16|   32|     1|          512|
    |localB_8_U   |localA_RAM_AUTO_1R1W  |        0|  32|  33|    0|    16|   32|     1|          512|
    |localB_9_U   |localA_RAM_AUTO_1R1W  |        0|  32|  33|    0|    16|   32|     1|          512|
    |localB_10_U  |localA_RAM_AUTO_1R1W  |        0|  32|  33|    0|    16|   32|     1|          512|
    |localB_11_U  |localA_RAM_AUTO_1R1W  |        0|  32|  33|    0|    16|   32|     1|          512|
    |localB_12_U  |localA_RAM_AUTO_1R1W  |        0|  32|  33|    0|    16|   32|     1|          512|
    |localB_13_U  |localA_RAM_AUTO_1R1W  |        0|  32|  33|    0|    16|   32|     1|          512|
    |localB_14_U  |localA_RAM_AUTO_1R1W  |        0|  32|  33|    0|    16|   32|     1|          512|
    |localB_15_U  |localA_RAM_AUTO_1R1W  |        0|  32|  33|    0|    16|   32|     1|          512|
    +-------------+----------------------+---------+----+----+-----+------+-----+------+-------------+
    |Total        |                      |        0|1024|1056|    0|   512| 1024|    32|        16384|
    +-------------+----------------------+---------+----+----+-----+------+-----+------+-------------+

    * FIFO: 
    N/A

    * Expression: 
    +---------------------------------+----------+----+---+----+------------+------------+
    |          Variable Name          | Operation| DSP| FF| LUT| Bitwidth P0| Bitwidth P1|
    +---------------------------------+----------+----+---+----+------------+------------+
    |ap_block_state1                  |        or|   0|  0|   2|           1|           1|
    |ap_block_state5_on_subcall_done  |        or|   0|  0|   2|           1|           1|
    +---------------------------------+----------+----+---+----+------------+------------+
    |Total                            |          |   0|  0|   4|           2|           2|
    +---------------------------------+----------+----+---+----+------------+------------+

    * Multiplexer: 
    +--------------------+----+-----------+-----+-----------+
    |        Name        | LUT| Input Size| Bits| Total Bits|
    +--------------------+----+-----------+-----+-----------+
    |ap_NS_fsm           |  86|         18|    1|         18|
    |ap_done             |   9|          2|    1|          2|
    |gmem0_ARVALID       |   9|          2|    1|          2|
    |gmem0_RREADY        |   9|          2|    1|          2|
    |gmem1_ARVALID       |   9|          2|    1|          2|
    |gmem1_RREADY        |   9|          2|    1|          2|
    |gmem2_AWVALID       |   9|          2|    1|          2|
    |gmem2_BREADY        |   9|          2|    1|          2|
    |gmem2_WVALID        |   9|          2|    1|          2|
    |grp_fu_7142_ce      |   9|          2|    1|          2|
    |grp_fu_7142_p0      |  14|          3|   32|         96|
    |grp_fu_7142_p1      |  14|          3|   32|         96|
    |grp_fu_7146_ce      |   9|          2|    1|          2|
    |grp_fu_7146_p0      |  14|          3|   32|         96|
    |grp_fu_7146_p1      |  14|          3|   32|         96|
    |localA_10_address0  |  54|         10|    4|         40|
    |localA_10_address1  |  49|          9|    4|         36|
    |localA_10_ce0       |  14|          3|    1|          3|
    |localA_10_we0       |   9|          2|    1|          2|
    |localA_11_address0  |  54|         10|    4|         40|
    |localA_11_address1  |  49|          9|    4|         36|
    |localA_11_ce0       |  14|          3|    1|          3|
    |localA_11_we0       |   9|          2|    1|          2|
    |localA_12_address0  |  54|         10|    4|         40|
    |localA_12_address1  |  49|          9|    4|         36|
    |localA_12_ce0       |  14|          3|    1|          3|
    |localA_12_we0       |   9|          2|    1|          2|
    |localA_13_address0  |  54|         10|    4|         40|
    |localA_13_address1  |  49|          9|    4|         36|
    |localA_13_ce0       |  14|          3|    1|          3|
    |localA_13_we0       |   9|          2|    1|          2|
    |localA_14_address0  |  54|         10|    4|         40|
    |localA_14_address1  |  49|          9|    4|         36|
    |localA_14_ce0       |  14|          3|    1|          3|
    |localA_14_we0       |   9|          2|    1|          2|
    |localA_15_address0  |  54|         10|    4|         40|
    |localA_15_address1  |  49|          9|    4|         36|
    |localA_15_ce0       |  14|          3|    1|          3|
    |localA_15_we0       |   9|          2|    1|          2|
    |localA_1_address0   |  54|         10|    4|         40|
    |localA_1_address1   |  49|          9|    4|         36|
    |localA_1_ce0        |  14|          3|    1|          3|
    |localA_1_we0        |   9|          2|    1|          2|
    |localA_2_address0   |  54|         10|    4|         40|
    |localA_2_address1   |  49|          9|    4|         36|
    |localA_2_ce0        |  14|          3|    1|          3|
    |localA_2_we0        |   9|          2|    1|          2|
    |localA_3_address0   |  54|         10|    4|         40|
    |localA_3_address1   |  49|          9|    4|         36|
    |localA_3_ce0        |  14|          3|    1|          3|
    |localA_3_we0        |   9|          2|    1|          2|
    |localA_4_address0   |  54|         10|    4|         40|
    |localA_4_address1   |  49|          9|    4|         36|
    |localA_4_ce0        |  14|          3|    1|          3|
    |localA_4_we0        |   9|          2|    1|          2|
    |localA_5_address0   |  54|         10|    4|         40|
    |localA_5_address1   |  49|          9|    4|         36|
    |localA_5_ce0        |  14|          3|    1|          3|
    |localA_5_we0        |   9|          2|    1|          2|
    |localA_6_address0   |  54|         10|    4|         40|
    |localA_6_address1   |  49|          9|    4|         36|
    |localA_6_ce0        |  14|          3|    1|          3|
    |localA_6_we0        |   9|          2|    1|          2|
    |localA_7_address0   |  54|         10|    4|         40|
    |localA_7_address1   |  49|          9|    4|         36|
    |localA_7_ce0        |  14|          3|    1|          3|
    |localA_7_we0        |   9|          2|    1|          2|
    |localA_8_address0   |  54|         10|    4|         40|
    |localA_8_address1   |  49|          9|    4|         36|
    |localA_8_ce0        |  14|          3|    1|          3|
    |localA_8_we0        |   9|          2|    1|          2|
    |localA_9_address0   |  54|         10|    4|         40|
    |localA_9_address1   |  49|          9|    4|         36|
    |localA_9_ce0        |  14|          3|    1|          3|
    |localA_9_we0        |   9|          2|    1|          2|
    |localA_address0     |  54|         10|    4|         40|
    |localA_address1     |  49|          9|    4|         36|
    |localA_ce0          |  14|          3|    1|          3|
    |localA_we0          |   9|          2|    1|          2|
    |localB_10_address0  |  54|         10|    4|         40|
    |localB_10_address1  |  49|          9|    4|         36|
    |localB_10_ce0       |  14|          3|    1|          3|
    |localB_10_we0       |   9|          2|    1|          2|
    |localB_11_address0  |  54|         10|    4|         40|
    |localB_11_address1  |  49|          9|    4|         36|
    |localB_11_ce0       |  14|          3|    1|          3|
    |localB_11_we0       |   9|          2|    1|          2|
    |localB_12_address0  |  54|         10|    4|         40|
    |localB_12_address1  |  49|          9|    4|         36|
    |localB_12_ce0       |  14|          3|    1|          3|
    |localB_12_we0       |   9|          2|    1|          2|
    |localB_13_address0  |  54|         10|    4|         40|
    |localB_13_address1  |  49|          9|    4|         36|
    |localB_13_ce0       |  14|          3|    1|          3|
    |localB_13_we0       |   9|          2|    1|          2|
    |localB_14_address0  |  54|         10|    4|         40|
    |localB_14_address1  |  49|          9|    4|         36|
    |localB_14_ce0       |  14|          3|    1|          3|
    |localB_14_we0       |   9|          2|    1|          2|
    |localB_15_address0  |  54|         10|    4|         40|
    |localB_15_address1  |  49|          9|    4|         36|
    |localB_15_ce0       |  14|          3|    1|          3|
    |localB_15_we0       |   9|          2|    1|          2|
    |localB_1_address0   |  54|         10|    4|         40|
    |localB_1_address1   |  49|          9|    4|         36|
    |localB_1_ce0        |  14|          3|    1|          3|
    |localB_1_we0        |   9|          2|    1|          2|
    |localB_2_address0   |  54|         10|    4|         40|
    |localB_2_address1   |  49|          9|    4|         36|
    |localB_2_ce0        |  14|          3|    1|          3|
    |localB_2_we0        |   9|          2|    1|          2|
    |localB_3_address0   |  54|         10|    4|         40|
    |localB_3_address1   |  49|          9|    4|         36|
    |localB_3_ce0        |  14|          3|    1|          3|
    |localB_3_we0        |   9|          2|    1|          2|
    |localB_4_address0   |  54|         10|    4|         40|
    |localB_4_address1   |  49|          9|    4|         36|
    |localB_4_ce0        |  14|          3|    1|          3|
    |localB_4_we0        |   9|          2|    1|          2|
    |localB_5_address0   |  54|         10|    4|         40|
    |localB_5_address1   |  49|          9|    4|         36|
    |localB_5_ce0        |  14|          3|    1|          3|
    |localB_5_we0        |   9|          2|    1|          2|
    |localB_6_address0   |  54|         10|    4|         40|
    |localB_6_address1   |  49|          9|    4|         36|
    |localB_6_ce0        |  14|          3|    1|          3|
    |localB_6_we0        |   9|          2|    1|          2|
    |localB_7_address0   |  54|         10|    4|         40|
    |localB_7_address1   |  49|          9|    4|         36|
    |localB_7_ce0        |  14|          3|    1|          3|
    |localB_7_we0        |   9|          2|    1|          2|
    |localB_8_address0   |  54|         10|    4|         40|
    |localB_8_address1   |  49|          9|    4|         36|
    |localB_8_ce0        |  14|          3|    1|          3|
    |localB_8_we0        |   9|          2|    1|          2|
    |localB_9_address0   |  54|         10|    4|         40|
    |localB_9_address1   |  49|          9|    4|         36|
    |localB_9_ce0        |  14|          3|    1|          3|
    |localB_9_we0        |   9|          2|    1|          2|
    |localB_address0     |  54|         10|    4|         40|
    |localB_address1     |  49|          9|    4|         36|
    |localB_ce0          |  14|          3|    1|          3|
    |localB_we0          |   9|          2|    1|          2|
    +--------------------+----+-----------+-----+-----------+
    |Total               |4264|        818|  459|       3014|
    +--------------------+----+-----------+-----+-----------+

    * Register: 
    +---------------------------------------------------+-----+----+-----+-----------+
    |                        Name                       |  FF | LUT| Bits| Const Bits|
    +---------------------------------------------------+-----+----+-----+-----------+
    |a_read_reg_10255                                   |   64|   0|   64|          0|
    |ap_CS_fsm                                          |   17|   0|   17|          0|
    |ap_done_reg                                        |    1|   0|    1|          0|
    |ap_rst_n_inv                                       |    1|   0|    1|          0|
    |ap_rst_reg_1                                       |    1|   0|    1|          0|
    |ap_rst_reg_2                                       |    1|   0|    1|          0|
    |b_read_reg_10250                                   |   64|   0|   64|          0|
    |c_read_reg_10245                                   |   64|   0|   64|          0|
    |grp_mmult_Pipeline_init_fu_5888_ap_start_reg       |    1|   0|    1|          0|
    |grp_mmult_Pipeline_readA_fu_5940_ap_start_reg      |    1|   0|    1|          0|
    |grp_mmult_Pipeline_readB_fu_5966_ap_start_reg      |    1|   0|    1|          0|
    |grp_mmult_Pipeline_systolic1_fu_5992_ap_start_reg  |    1|   0|    1|          0|
    |grp_mmult_Pipeline_writeC_fu_6876_ap_start_reg     |    1|   0|    1|          0|
    |localA_10_load_10_reg_13855                        |   32|   0|   32|          0|
    |localA_10_load_11_reg_13935                        |   32|   0|   32|          0|
    |localA_10_load_12_reg_14495                        |   32|   0|   32|          0|
    |localA_10_load_13_reg_14575                        |   32|   0|   32|          0|
    |localA_10_load_14_reg_15279                        |   32|   0|   32|          0|
    |localA_10_load_15_reg_15359                        |   32|   0|   32|          0|
    |localA_10_load_1_reg_10735                         |   32|   0|   32|          0|
    |localA_10_load_2_reg_11295                         |   32|   0|   32|          0|
    |localA_10_load_3_reg_11375                         |   32|   0|   32|          0|
    |localA_10_load_4_reg_11935                         |   32|   0|   32|          0|
    |localA_10_load_5_reg_12015                         |   32|   0|   32|          0|
    |localA_10_load_6_reg_12575                         |   32|   0|   32|          0|
    |localA_10_load_7_reg_12655                         |   32|   0|   32|          0|
    |localA_10_load_8_reg_13215                         |   32|   0|   32|          0|
    |localA_10_load_9_reg_13295                         |   32|   0|   32|          0|
    |localA_10_load_reg_10655                           |   32|   0|   32|          0|
    |localA_11_load_10_reg_13860                        |   32|   0|   32|          0|
    |localA_11_load_11_reg_13940                        |   32|   0|   32|          0|
    |localA_11_load_12_reg_14500                        |   32|   0|   32|          0|
    |localA_11_load_13_reg_14580                        |   32|   0|   32|          0|
    |localA_11_load_14_reg_15284                        |   32|   0|   32|          0|
    |localA_11_load_15_reg_15364                        |   32|   0|   32|          0|
    |localA_11_load_1_reg_10740                         |   32|   0|   32|          0|
    |localA_11_load_2_reg_11300                         |   32|   0|   32|          0|
    |localA_11_load_3_reg_11380                         |   32|   0|   32|          0|
    |localA_11_load_4_reg_11940                         |   32|   0|   32|          0|
    |localA_11_load_5_reg_12020                         |   32|   0|   32|          0|
    |localA_11_load_6_reg_12580                         |   32|   0|   32|          0|
    |localA_11_load_7_reg_12660                         |   32|   0|   32|          0|
    |localA_11_load_8_reg_13220                         |   32|   0|   32|          0|
    |localA_11_load_9_reg_13300                         |   32|   0|   32|          0|
    |localA_11_load_reg_10660                           |   32|   0|   32|          0|
    |localA_12_load_10_reg_13865                        |   32|   0|   32|          0|
    |localA_12_load_11_reg_13945                        |   32|   0|   32|          0|
    |localA_12_load_12_reg_14505                        |   32|   0|   32|          0|
    |localA_12_load_13_reg_14585                        |   32|   0|   32|          0|
    |localA_12_load_14_reg_15289                        |   32|   0|   32|          0|
    |localA_12_load_15_reg_15369                        |   32|   0|   32|          0|
    |localA_12_load_1_reg_10745                         |   32|   0|   32|          0|
    |localA_12_load_2_reg_11305                         |   32|   0|   32|          0|
    |localA_12_load_3_reg_11385                         |   32|   0|   32|          0|
    |localA_12_load_4_reg_11945                         |   32|   0|   32|          0|
    |localA_12_load_5_reg_12025                         |   32|   0|   32|          0|
    |localA_12_load_6_reg_12585                         |   32|   0|   32|          0|
    |localA_12_load_7_reg_12665                         |   32|   0|   32|          0|
    |localA_12_load_8_reg_13225                         |   32|   0|   32|          0|
    |localA_12_load_9_reg_13305                         |   32|   0|   32|          0|
    |localA_12_load_reg_10665                           |   32|   0|   32|          0|
    |localA_13_load_10_reg_13870                        |   32|   0|   32|          0|
    |localA_13_load_11_reg_13950                        |   32|   0|   32|          0|
    |localA_13_load_12_reg_14510                        |   32|   0|   32|          0|
    |localA_13_load_13_reg_14590                        |   32|   0|   32|          0|
    |localA_13_load_14_reg_15294                        |   32|   0|   32|          0|
    |localA_13_load_15_reg_15374                        |   32|   0|   32|          0|
    |localA_13_load_1_reg_10750                         |   32|   0|   32|          0|
    |localA_13_load_2_reg_11310                         |   32|   0|   32|          0|
    |localA_13_load_3_reg_11390                         |   32|   0|   32|          0|
    |localA_13_load_4_reg_11950                         |   32|   0|   32|          0|
    |localA_13_load_5_reg_12030                         |   32|   0|   32|          0|
    |localA_13_load_6_reg_12590                         |   32|   0|   32|          0|
    |localA_13_load_7_reg_12670                         |   32|   0|   32|          0|
    |localA_13_load_8_reg_13230                         |   32|   0|   32|          0|
    |localA_13_load_9_reg_13310                         |   32|   0|   32|          0|
    |localA_13_load_reg_10670                           |   32|   0|   32|          0|
    |localA_14_load_10_reg_13875                        |   32|   0|   32|          0|
    |localA_14_load_11_reg_13955                        |   32|   0|   32|          0|
    |localA_14_load_12_reg_14515                        |   32|   0|   32|          0|
    |localA_14_load_13_reg_14595                        |   32|   0|   32|          0|
    |localA_14_load_14_reg_15299                        |   32|   0|   32|          0|
    |localA_14_load_15_reg_15379                        |   32|   0|   32|          0|
    |localA_14_load_1_reg_10755                         |   32|   0|   32|          0|
    |localA_14_load_2_reg_11315                         |   32|   0|   32|          0|
    |localA_14_load_3_reg_11395                         |   32|   0|   32|          0|
    |localA_14_load_4_reg_11955                         |   32|   0|   32|          0|
    |localA_14_load_5_reg_12035                         |   32|   0|   32|          0|
    |localA_14_load_6_reg_12595                         |   32|   0|   32|          0|
    |localA_14_load_7_reg_12675                         |   32|   0|   32|          0|
    |localA_14_load_8_reg_13235                         |   32|   0|   32|          0|
    |localA_14_load_9_reg_13315                         |   32|   0|   32|          0|
    |localA_14_load_reg_10675                           |   32|   0|   32|          0|
    |localA_15_load_10_reg_13880                        |   32|   0|   32|          0|
    |localA_15_load_11_reg_13960                        |   32|   0|   32|          0|
    |localA_15_load_12_reg_14520                        |   32|   0|   32|          0|
    |localA_15_load_13_reg_14600                        |   32|   0|   32|          0|
    |localA_15_load_14_reg_15304                        |   32|   0|   32|          0|
    |localA_15_load_15_reg_15384                        |   32|   0|   32|          0|
    |localA_15_load_1_reg_10760                         |   32|   0|   32|          0|
    |localA_15_load_2_reg_11320                         |   32|   0|   32|          0|
    |localA_15_load_3_reg_11400                         |   32|   0|   32|          0|
    |localA_15_load_4_reg_11960                         |   32|   0|   32|          0|
    |localA_15_load_5_reg_12040                         |   32|   0|   32|          0|
    |localA_15_load_6_reg_12600                         |   32|   0|   32|          0|
    |localA_15_load_7_reg_12680                         |   32|   0|   32|          0|
    |localA_15_load_8_reg_13240                         |   32|   0|   32|          0|
    |localA_15_load_9_reg_13320                         |   32|   0|   32|          0|
    |localA_15_load_reg_10680                           |   32|   0|   32|          0|
    |localA_1_load_10_reg_13810                         |   32|   0|   32|          0|
    |localA_1_load_11_reg_13890                         |   32|   0|   32|          0|
    |localA_1_load_12_reg_14450                         |   32|   0|   32|          0|
    |localA_1_load_13_reg_14530                         |   32|   0|   32|          0|
    |localA_1_load_14_reg_15234                         |   32|   0|   32|          0|
    |localA_1_load_15_reg_15314                         |   32|   0|   32|          0|
    |localA_1_load_1_reg_10690                          |   32|   0|   32|          0|
    |localA_1_load_2_reg_11250                          |   32|   0|   32|          0|
    |localA_1_load_3_reg_11330                          |   32|   0|   32|          0|
    |localA_1_load_4_reg_11890                          |   32|   0|   32|          0|
    |localA_1_load_5_reg_11970                          |   32|   0|   32|          0|
    |localA_1_load_6_reg_12530                          |   32|   0|   32|          0|
    |localA_1_load_7_reg_12610                          |   32|   0|   32|          0|
    |localA_1_load_8_reg_13170                          |   32|   0|   32|          0|
    |localA_1_load_9_reg_13250                          |   32|   0|   32|          0|
    |localA_1_load_reg_10610                            |   32|   0|   32|          0|
    |localA_2_load_10_reg_13815                         |   32|   0|   32|          0|
    |localA_2_load_11_reg_13895                         |   32|   0|   32|          0|
    |localA_2_load_12_reg_14455                         |   32|   0|   32|          0|
    |localA_2_load_13_reg_14535                         |   32|   0|   32|          0|
    |localA_2_load_14_reg_15239                         |   32|   0|   32|          0|
    |localA_2_load_15_reg_15319                         |   32|   0|   32|          0|
    |localA_2_load_1_reg_10695                          |   32|   0|   32|          0|
    |localA_2_load_2_reg_11255                          |   32|   0|   32|          0|
    |localA_2_load_3_reg_11335                          |   32|   0|   32|          0|
    |localA_2_load_4_reg_11895                          |   32|   0|   32|          0|
    |localA_2_load_5_reg_11975                          |   32|   0|   32|          0|
    |localA_2_load_6_reg_12535                          |   32|   0|   32|          0|
    |localA_2_load_7_reg_12615                          |   32|   0|   32|          0|
    |localA_2_load_8_reg_13175                          |   32|   0|   32|          0|
    |localA_2_load_9_reg_13255                          |   32|   0|   32|          0|
    |localA_2_load_reg_10615                            |   32|   0|   32|          0|
    |localA_3_load_10_reg_13820                         |   32|   0|   32|          0|
    |localA_3_load_11_reg_13900                         |   32|   0|   32|          0|
    |localA_3_load_12_reg_14460                         |   32|   0|   32|          0|
    |localA_3_load_13_reg_14540                         |   32|   0|   32|          0|
    |localA_3_load_14_reg_15244                         |   32|   0|   32|          0|
    |localA_3_load_15_reg_15324                         |   32|   0|   32|          0|
    |localA_3_load_1_reg_10700                          |   32|   0|   32|          0|
    |localA_3_load_2_reg_11260                          |   32|   0|   32|          0|
    |localA_3_load_3_reg_11340                          |   32|   0|   32|          0|
    |localA_3_load_4_reg_11900                          |   32|   0|   32|          0|
    |localA_3_load_5_reg_11980                          |   32|   0|   32|          0|
    |localA_3_load_6_reg_12540                          |   32|   0|   32|          0|
    |localA_3_load_7_reg_12620                          |   32|   0|   32|          0|
    |localA_3_load_8_reg_13180                          |   32|   0|   32|          0|
    |localA_3_load_9_reg_13260                          |   32|   0|   32|          0|
    |localA_3_load_reg_10620                            |   32|   0|   32|          0|
    |localA_4_load_10_reg_13825                         |   32|   0|   32|          0|
    |localA_4_load_11_reg_13905                         |   32|   0|   32|          0|
    |localA_4_load_12_reg_14465                         |   32|   0|   32|          0|
    |localA_4_load_13_reg_14545                         |   32|   0|   32|          0|
    |localA_4_load_14_reg_15249                         |   32|   0|   32|          0|
    |localA_4_load_15_reg_15329                         |   32|   0|   32|          0|
    |localA_4_load_1_reg_10705                          |   32|   0|   32|          0|
    |localA_4_load_2_reg_11265                          |   32|   0|   32|          0|
    |localA_4_load_3_reg_11345                          |   32|   0|   32|          0|
    |localA_4_load_4_reg_11905                          |   32|   0|   32|          0|
    |localA_4_load_5_reg_11985                          |   32|   0|   32|          0|
    |localA_4_load_6_reg_12545                          |   32|   0|   32|          0|
    |localA_4_load_7_reg_12625                          |   32|   0|   32|          0|
    |localA_4_load_8_reg_13185                          |   32|   0|   32|          0|
    |localA_4_load_9_reg_13265                          |   32|   0|   32|          0|
    |localA_4_load_reg_10625                            |   32|   0|   32|          0|
    |localA_5_load_10_reg_13830                         |   32|   0|   32|          0|
    |localA_5_load_11_reg_13910                         |   32|   0|   32|          0|
    |localA_5_load_12_reg_14470                         |   32|   0|   32|          0|
    |localA_5_load_13_reg_14550                         |   32|   0|   32|          0|
    |localA_5_load_14_reg_15254                         |   32|   0|   32|          0|
    |localA_5_load_15_reg_15334                         |   32|   0|   32|          0|
    |localA_5_load_1_reg_10710                          |   32|   0|   32|          0|
    |localA_5_load_2_reg_11270                          |   32|   0|   32|          0|
    |localA_5_load_3_reg_11350                          |   32|   0|   32|          0|
    |localA_5_load_4_reg_11910                          |   32|   0|   32|          0|
    |localA_5_load_5_reg_11990                          |   32|   0|   32|          0|
    |localA_5_load_6_reg_12550                          |   32|   0|   32|          0|
    |localA_5_load_7_reg_12630                          |   32|   0|   32|          0|
    |localA_5_load_8_reg_13190                          |   32|   0|   32|          0|
    |localA_5_load_9_reg_13270                          |   32|   0|   32|          0|
    |localA_5_load_reg_10630                            |   32|   0|   32|          0|
    |localA_6_load_10_reg_13835                         |   32|   0|   32|          0|
    |localA_6_load_11_reg_13915                         |   32|   0|   32|          0|
    |localA_6_load_12_reg_14475                         |   32|   0|   32|          0|
    |localA_6_load_13_reg_14555                         |   32|   0|   32|          0|
    |localA_6_load_14_reg_15259                         |   32|   0|   32|          0|
    |localA_6_load_15_reg_15339                         |   32|   0|   32|          0|
    |localA_6_load_1_reg_10715                          |   32|   0|   32|          0|
    |localA_6_load_2_reg_11275                          |   32|   0|   32|          0|
    |localA_6_load_3_reg_11355                          |   32|   0|   32|          0|
    |localA_6_load_4_reg_11915                          |   32|   0|   32|          0|
    |localA_6_load_5_reg_11995                          |   32|   0|   32|          0|
    |localA_6_load_6_reg_12555                          |   32|   0|   32|          0|
    |localA_6_load_7_reg_12635                          |   32|   0|   32|          0|
    |localA_6_load_8_reg_13195                          |   32|   0|   32|          0|
    |localA_6_load_9_reg_13275                          |   32|   0|   32|          0|
    |localA_6_load_reg_10635                            |   32|   0|   32|          0|
    |localA_7_load_10_reg_13840                         |   32|   0|   32|          0|
    |localA_7_load_11_reg_13920                         |   32|   0|   32|          0|
    |localA_7_load_12_reg_14480                         |   32|   0|   32|          0|
    |localA_7_load_13_reg_14560                         |   32|   0|   32|          0|
    |localA_7_load_14_reg_15264                         |   32|   0|   32|          0|
    |localA_7_load_15_reg_15344                         |   32|   0|   32|          0|
    |localA_7_load_1_reg_10720                          |   32|   0|   32|          0|
    |localA_7_load_2_reg_11280                          |   32|   0|   32|          0|
    |localA_7_load_3_reg_11360                          |   32|   0|   32|          0|
    |localA_7_load_4_reg_11920                          |   32|   0|   32|          0|
    |localA_7_load_5_reg_12000                          |   32|   0|   32|          0|
    |localA_7_load_6_reg_12560                          |   32|   0|   32|          0|
    |localA_7_load_7_reg_12640                          |   32|   0|   32|          0|
    |localA_7_load_8_reg_13200                          |   32|   0|   32|          0|
    |localA_7_load_9_reg_13280                          |   32|   0|   32|          0|
    |localA_7_load_reg_10640                            |   32|   0|   32|          0|
    |localA_8_load_10_reg_13845                         |   32|   0|   32|          0|
    |localA_8_load_11_reg_13925                         |   32|   0|   32|          0|
    |localA_8_load_12_reg_14485                         |   32|   0|   32|          0|
    |localA_8_load_13_reg_14565                         |   32|   0|   32|          0|
    |localA_8_load_14_reg_15269                         |   32|   0|   32|          0|
    |localA_8_load_15_reg_15349                         |   32|   0|   32|          0|
    |localA_8_load_1_reg_10725                          |   32|   0|   32|          0|
    |localA_8_load_2_reg_11285                          |   32|   0|   32|          0|
    |localA_8_load_3_reg_11365                          |   32|   0|   32|          0|
    |localA_8_load_4_reg_11925                          |   32|   0|   32|          0|
    |localA_8_load_5_reg_12005                          |   32|   0|   32|          0|
    |localA_8_load_6_reg_12565                          |   32|   0|   32|          0|
    |localA_8_load_7_reg_12645                          |   32|   0|   32|          0|
    |localA_8_load_8_reg_13205                          |   32|   0|   32|          0|
    |localA_8_load_9_reg_13285                          |   32|   0|   32|          0|
    |localA_8_load_reg_10645                            |   32|   0|   32|          0|
    |localA_9_load_10_reg_13850                         |   32|   0|   32|          0|
    |localA_9_load_11_reg_13930                         |   32|   0|   32|          0|
    |localA_9_load_12_reg_14490                         |   32|   0|   32|          0|
    |localA_9_load_13_reg_14570                         |   32|   0|   32|          0|
    |localA_9_load_14_reg_15274                         |   32|   0|   32|          0|
    |localA_9_load_15_reg_15354                         |   32|   0|   32|          0|
    |localA_9_load_1_reg_10730                          |   32|   0|   32|          0|
    |localA_9_load_2_reg_11290                          |   32|   0|   32|          0|
    |localA_9_load_3_reg_11370                          |   32|   0|   32|          0|
    |localA_9_load_4_reg_11930                          |   32|   0|   32|          0|
    |localA_9_load_5_reg_12010                          |   32|   0|   32|          0|
    |localA_9_load_6_reg_12570                          |   32|   0|   32|          0|
    |localA_9_load_7_reg_12650                          |   32|   0|   32|          0|
    |localA_9_load_8_reg_13210                          |   32|   0|   32|          0|
    |localA_9_load_9_reg_13290                          |   32|   0|   32|          0|
    |localA_9_load_reg_10650                            |   32|   0|   32|          0|
    |localA_load_10_reg_13805                           |   32|   0|   32|          0|
    |localA_load_11_reg_13885                           |   32|   0|   32|          0|
    |localA_load_12_reg_14445                           |   32|   0|   32|          0|
    |localA_load_13_reg_14525                           |   32|   0|   32|          0|
    |localA_load_14_reg_15229                           |   32|   0|   32|          0|
    |localA_load_15_reg_15309                           |   32|   0|   32|          0|
    |localA_load_1_reg_10685                            |   32|   0|   32|          0|
    |localA_load_2_reg_11245                            |   32|   0|   32|          0|
    |localA_load_3_reg_11325                            |   32|   0|   32|          0|
    |localA_load_4_reg_11885                            |   32|   0|   32|          0|
    |localA_load_5_reg_11965                            |   32|   0|   32|          0|
    |localA_load_6_reg_12525                            |   32|   0|   32|          0|
    |localA_load_7_reg_12605                            |   32|   0|   32|          0|
    |localA_load_8_reg_13165                            |   32|   0|   32|          0|
    |localA_load_9_reg_13245                            |   32|   0|   32|          0|
    |localA_load_reg_10605                              |   32|   0|   32|          0|
    |localB_10_load_10_reg_14175                        |   32|   0|   32|          0|
    |localB_10_load_11_reg_14255                        |   32|   0|   32|          0|
    |localB_10_load_12_reg_14815                        |   32|   0|   32|          0|
    |localB_10_load_13_reg_14895                        |   32|   0|   32|          0|
    |localB_10_load_14_reg_15439                        |   32|   0|   32|          0|
    |localB_10_load_15_reg_15519                        |   32|   0|   32|          0|
    |localB_10_load_1_reg_11055                         |   32|   0|   32|          0|
    |localB_10_load_2_reg_11615                         |   32|   0|   32|          0|
    |localB_10_load_3_reg_11695                         |   32|   0|   32|          0|
    |localB_10_load_4_reg_12255                         |   32|   0|   32|          0|
    |localB_10_load_5_reg_12335                         |   32|   0|   32|          0|
    |localB_10_load_6_reg_12895                         |   32|   0|   32|          0|
    |localB_10_load_7_reg_12975                         |   32|   0|   32|          0|
    |localB_10_load_8_reg_13535                         |   32|   0|   32|          0|
    |localB_10_load_9_reg_13615                         |   32|   0|   32|          0|
    |localB_10_load_reg_10975                           |   32|   0|   32|          0|
    |localB_11_load_10_reg_14180                        |   32|   0|   32|          0|
    |localB_11_load_11_reg_14260                        |   32|   0|   32|          0|
    |localB_11_load_12_reg_14820                        |   32|   0|   32|          0|
    |localB_11_load_13_reg_14900                        |   32|   0|   32|          0|
    |localB_11_load_14_reg_15444                        |   32|   0|   32|          0|
    |localB_11_load_15_reg_15524                        |   32|   0|   32|          0|
    |localB_11_load_1_reg_11060                         |   32|   0|   32|          0|
    |localB_11_load_2_reg_11620                         |   32|   0|   32|          0|
    |localB_11_load_3_reg_11700                         |   32|   0|   32|          0|
    |localB_11_load_4_reg_12260                         |   32|   0|   32|          0|
    |localB_11_load_5_reg_12340                         |   32|   0|   32|          0|
    |localB_11_load_6_reg_12900                         |   32|   0|   32|          0|
    |localB_11_load_7_reg_12980                         |   32|   0|   32|          0|
    |localB_11_load_8_reg_13540                         |   32|   0|   32|          0|
    |localB_11_load_9_reg_13620                         |   32|   0|   32|          0|
    |localB_11_load_reg_10980                           |   32|   0|   32|          0|
    |localB_12_load_10_reg_14185                        |   32|   0|   32|          0|
    |localB_12_load_11_reg_14265                        |   32|   0|   32|          0|
    |localB_12_load_12_reg_14825                        |   32|   0|   32|          0|
    |localB_12_load_13_reg_14905                        |   32|   0|   32|          0|
    |localB_12_load_14_reg_15449                        |   32|   0|   32|          0|
    |localB_12_load_15_reg_15529                        |   32|   0|   32|          0|
    |localB_12_load_1_reg_11065                         |   32|   0|   32|          0|
    |localB_12_load_2_reg_11625                         |   32|   0|   32|          0|
    |localB_12_load_3_reg_11705                         |   32|   0|   32|          0|
    |localB_12_load_4_reg_12265                         |   32|   0|   32|          0|
    |localB_12_load_5_reg_12345                         |   32|   0|   32|          0|
    |localB_12_load_6_reg_12905                         |   32|   0|   32|          0|
    |localB_12_load_7_reg_12985                         |   32|   0|   32|          0|
    |localB_12_load_8_reg_13545                         |   32|   0|   32|          0|
    |localB_12_load_9_reg_13625                         |   32|   0|   32|          0|
    |localB_12_load_reg_10985                           |   32|   0|   32|          0|
    |localB_13_load_10_reg_14190                        |   32|   0|   32|          0|
    |localB_13_load_11_reg_14270                        |   32|   0|   32|          0|
    |localB_13_load_12_reg_14830                        |   32|   0|   32|          0|
    |localB_13_load_13_reg_14910                        |   32|   0|   32|          0|
    |localB_13_load_14_reg_15454                        |   32|   0|   32|          0|
    |localB_13_load_15_reg_15534                        |   32|   0|   32|          0|
    |localB_13_load_1_reg_11070                         |   32|   0|   32|          0|
    |localB_13_load_2_reg_11630                         |   32|   0|   32|          0|
    |localB_13_load_3_reg_11710                         |   32|   0|   32|          0|
    |localB_13_load_4_reg_12270                         |   32|   0|   32|          0|
    |localB_13_load_5_reg_12350                         |   32|   0|   32|          0|
    |localB_13_load_6_reg_12910                         |   32|   0|   32|          0|
    |localB_13_load_7_reg_12990                         |   32|   0|   32|          0|
    |localB_13_load_8_reg_13550                         |   32|   0|   32|          0|
    |localB_13_load_9_reg_13630                         |   32|   0|   32|          0|
    |localB_13_load_reg_10990                           |   32|   0|   32|          0|
    |localB_14_load_10_reg_14195                        |   32|   0|   32|          0|
    |localB_14_load_11_reg_14275                        |   32|   0|   32|          0|
    |localB_14_load_12_reg_14835                        |   32|   0|   32|          0|
    |localB_14_load_13_reg_14915                        |   32|   0|   32|          0|
    |localB_14_load_14_reg_15459                        |   32|   0|   32|          0|
    |localB_14_load_15_reg_15539                        |   32|   0|   32|          0|
    |localB_14_load_1_reg_11075                         |   32|   0|   32|          0|
    |localB_14_load_2_reg_11635                         |   32|   0|   32|          0|
    |localB_14_load_3_reg_11715                         |   32|   0|   32|          0|
    |localB_14_load_4_reg_12275                         |   32|   0|   32|          0|
    |localB_14_load_5_reg_12355                         |   32|   0|   32|          0|
    |localB_14_load_6_reg_12915                         |   32|   0|   32|          0|
    |localB_14_load_7_reg_12995                         |   32|   0|   32|          0|
    |localB_14_load_8_reg_13555                         |   32|   0|   32|          0|
    |localB_14_load_9_reg_13635                         |   32|   0|   32|          0|
    |localB_14_load_reg_10995                           |   32|   0|   32|          0|
    |localB_15_load_10_reg_14200                        |   32|   0|   32|          0|
    |localB_15_load_11_reg_14280                        |   32|   0|   32|          0|
    |localB_15_load_12_reg_14840                        |   32|   0|   32|          0|
    |localB_15_load_13_reg_14920                        |   32|   0|   32|          0|
    |localB_15_load_14_reg_15464                        |   32|   0|   32|          0|
    |localB_15_load_15_reg_15544                        |   32|   0|   32|          0|
    |localB_15_load_1_reg_11080                         |   32|   0|   32|          0|
    |localB_15_load_2_reg_11640                         |   32|   0|   32|          0|
    |localB_15_load_3_reg_11720                         |   32|   0|   32|          0|
    |localB_15_load_4_reg_12280                         |   32|   0|   32|          0|
    |localB_15_load_5_reg_12360                         |   32|   0|   32|          0|
    |localB_15_load_6_reg_12920                         |   32|   0|   32|          0|
    |localB_15_load_7_reg_13000                         |   32|   0|   32|          0|
    |localB_15_load_8_reg_13560                         |   32|   0|   32|          0|
    |localB_15_load_9_reg_13640                         |   32|   0|   32|          0|
    |localB_15_load_reg_11000                           |   32|   0|   32|          0|
    |localB_1_load_10_reg_14130                         |   32|   0|   32|          0|
    |localB_1_load_11_reg_14210                         |   32|   0|   32|          0|
    |localB_1_load_12_reg_14770                         |   32|   0|   32|          0|
    |localB_1_load_13_reg_14850                         |   32|   0|   32|          0|
    |localB_1_load_14_reg_15394                         |   32|   0|   32|          0|
    |localB_1_load_15_reg_15474                         |   32|   0|   32|          0|
    |localB_1_load_1_reg_11010                          |   32|   0|   32|          0|
    |localB_1_load_2_reg_11570                          |   32|   0|   32|          0|
    |localB_1_load_3_reg_11650                          |   32|   0|   32|          0|
    |localB_1_load_4_reg_12210                          |   32|   0|   32|          0|
    |localB_1_load_5_reg_12290                          |   32|   0|   32|          0|
    |localB_1_load_6_reg_12850                          |   32|   0|   32|          0|
    |localB_1_load_7_reg_12930                          |   32|   0|   32|          0|
    |localB_1_load_8_reg_13490                          |   32|   0|   32|          0|
    |localB_1_load_9_reg_13570                          |   32|   0|   32|          0|
    |localB_1_load_reg_10930                            |   32|   0|   32|          0|
    |localB_2_load_10_reg_14135                         |   32|   0|   32|          0|
    |localB_2_load_11_reg_14215                         |   32|   0|   32|          0|
    |localB_2_load_12_reg_14775                         |   32|   0|   32|          0|
    |localB_2_load_13_reg_14855                         |   32|   0|   32|          0|
    |localB_2_load_14_reg_15399                         |   32|   0|   32|          0|
    |localB_2_load_15_reg_15479                         |   32|   0|   32|          0|
    |localB_2_load_1_reg_11015                          |   32|   0|   32|          0|
    |localB_2_load_2_reg_11575                          |   32|   0|   32|          0|
    |localB_2_load_3_reg_11655                          |   32|   0|   32|          0|
    |localB_2_load_4_reg_12215                          |   32|   0|   32|          0|
    |localB_2_load_5_reg_12295                          |   32|   0|   32|          0|
    |localB_2_load_6_reg_12855                          |   32|   0|   32|          0|
    |localB_2_load_7_reg_12935                          |   32|   0|   32|          0|
    |localB_2_load_8_reg_13495                          |   32|   0|   32|          0|
    |localB_2_load_9_reg_13575                          |   32|   0|   32|          0|
    |localB_2_load_reg_10935                            |   32|   0|   32|          0|
    |localB_3_load_10_reg_14140                         |   32|   0|   32|          0|
    |localB_3_load_11_reg_14220                         |   32|   0|   32|          0|
    |localB_3_load_12_reg_14780                         |   32|   0|   32|          0|
    |localB_3_load_13_reg_14860                         |   32|   0|   32|          0|
    |localB_3_load_14_reg_15404                         |   32|   0|   32|          0|
    |localB_3_load_15_reg_15484                         |   32|   0|   32|          0|
    |localB_3_load_1_reg_11020                          |   32|   0|   32|          0|
    |localB_3_load_2_reg_11580                          |   32|   0|   32|          0|
    |localB_3_load_3_reg_11660                          |   32|   0|   32|          0|
    |localB_3_load_4_reg_12220                          |   32|   0|   32|          0|
    |localB_3_load_5_reg_12300                          |   32|   0|   32|          0|
    |localB_3_load_6_reg_12860                          |   32|   0|   32|          0|
    |localB_3_load_7_reg_12940                          |   32|   0|   32|          0|
    |localB_3_load_8_reg_13500                          |   32|   0|   32|          0|
    |localB_3_load_9_reg_13580                          |   32|   0|   32|          0|
    |localB_3_load_reg_10940                            |   32|   0|   32|          0|
    |localB_4_load_10_reg_14145                         |   32|   0|   32|          0|
    |localB_4_load_11_reg_14225                         |   32|   0|   32|          0|
    |localB_4_load_12_reg_14785                         |   32|   0|   32|          0|
    |localB_4_load_13_reg_14865                         |   32|   0|   32|          0|
    |localB_4_load_14_reg_15409                         |   32|   0|   32|          0|
    |localB_4_load_15_reg_15489                         |   32|   0|   32|          0|
    |localB_4_load_1_reg_11025                          |   32|   0|   32|          0|
    |localB_4_load_2_reg_11585                          |   32|   0|   32|          0|
    |localB_4_load_3_reg_11665                          |   32|   0|   32|          0|
    |localB_4_load_4_reg_12225                          |   32|   0|   32|          0|
    |localB_4_load_5_reg_12305                          |   32|   0|   32|          0|
    |localB_4_load_6_reg_12865                          |   32|   0|   32|          0|
    |localB_4_load_7_reg_12945                          |   32|   0|   32|          0|
    |localB_4_load_8_reg_13505                          |   32|   0|   32|          0|
    |localB_4_load_9_reg_13585                          |   32|   0|   32|          0|
    |localB_4_load_reg_10945                            |   32|   0|   32|          0|
    |localB_5_load_10_reg_14150                         |   32|   0|   32|          0|
    |localB_5_load_11_reg_14230                         |   32|   0|   32|          0|
    |localB_5_load_12_reg_14790                         |   32|   0|   32|          0|
    |localB_5_load_13_reg_14870                         |   32|   0|   32|          0|
    |localB_5_load_14_reg_15414                         |   32|   0|   32|          0|
    |localB_5_load_15_reg_15494                         |   32|   0|   32|          0|
    |localB_5_load_1_reg_11030                          |   32|   0|   32|          0|
    |localB_5_load_2_reg_11590                          |   32|   0|   32|          0|
    |localB_5_load_3_reg_11670                          |   32|   0|   32|          0|
    |localB_5_load_4_reg_12230                          |   32|   0|   32|          0|
    |localB_5_load_5_reg_12310                          |   32|   0|   32|          0|
    |localB_5_load_6_reg_12870                          |   32|   0|   32|          0|
    |localB_5_load_7_reg_12950                          |   32|   0|   32|          0|
    |localB_5_load_8_reg_13510                          |   32|   0|   32|          0|
    |localB_5_load_9_reg_13590                          |   32|   0|   32|          0|
    |localB_5_load_reg_10950                            |   32|   0|   32|          0|
    |localB_6_load_10_reg_14155                         |   32|   0|   32|          0|
    |localB_6_load_11_reg_14235                         |   32|   0|   32|          0|
    |localB_6_load_12_reg_14795                         |   32|   0|   32|          0|
    |localB_6_load_13_reg_14875                         |   32|   0|   32|          0|
    |localB_6_load_14_reg_15419                         |   32|   0|   32|          0|
    |localB_6_load_15_reg_15499                         |   32|   0|   32|          0|
    |localB_6_load_1_reg_11035                          |   32|   0|   32|          0|
    |localB_6_load_2_reg_11595                          |   32|   0|   32|          0|
    |localB_6_load_3_reg_11675                          |   32|   0|   32|          0|
    |localB_6_load_4_reg_12235                          |   32|   0|   32|          0|
    |localB_6_load_5_reg_12315                          |   32|   0|   32|          0|
    |localB_6_load_6_reg_12875                          |   32|   0|   32|          0|
    |localB_6_load_7_reg_12955                          |   32|   0|   32|          0|
    |localB_6_load_8_reg_13515                          |   32|   0|   32|          0|
    |localB_6_load_9_reg_13595                          |   32|   0|   32|          0|
    |localB_6_load_reg_10955                            |   32|   0|   32|          0|
    |localB_7_load_10_reg_14160                         |   32|   0|   32|          0|
    |localB_7_load_11_reg_14240                         |   32|   0|   32|          0|
    |localB_7_load_12_reg_14800                         |   32|   0|   32|          0|
    |localB_7_load_13_reg_14880                         |   32|   0|   32|          0|
    |localB_7_load_14_reg_15424                         |   32|   0|   32|          0|
    |localB_7_load_15_reg_15504                         |   32|   0|   32|          0|
    |localB_7_load_1_reg_11040                          |   32|   0|   32|          0|
    |localB_7_load_2_reg_11600                          |   32|   0|   32|          0|
    |localB_7_load_3_reg_11680                          |   32|   0|   32|          0|
    |localB_7_load_4_reg_12240                          |   32|   0|   32|          0|
    |localB_7_load_5_reg_12320                          |   32|   0|   32|          0|
    |localB_7_load_6_reg_12880                          |   32|   0|   32|          0|
    |localB_7_load_7_reg_12960                          |   32|   0|   32|          0|
    |localB_7_load_8_reg_13520                          |   32|   0|   32|          0|
    |localB_7_load_9_reg_13600                          |   32|   0|   32|          0|
    |localB_7_load_reg_10960                            |   32|   0|   32|          0|
    |localB_8_load_10_reg_14165                         |   32|   0|   32|          0|
    |localB_8_load_11_reg_14245                         |   32|   0|   32|          0|
    |localB_8_load_12_reg_14805                         |   32|   0|   32|          0|
    |localB_8_load_13_reg_14885                         |   32|   0|   32|          0|
    |localB_8_load_14_reg_15429                         |   32|   0|   32|          0|
    |localB_8_load_15_reg_15509                         |   32|   0|   32|          0|
    |localB_8_load_1_reg_11045                          |   32|   0|   32|          0|
    |localB_8_load_2_reg_11605                          |   32|   0|   32|          0|
    |localB_8_load_3_reg_11685                          |   32|   0|   32|          0|
    |localB_8_load_4_reg_12245                          |   32|   0|   32|          0|
    |localB_8_load_5_reg_12325                          |   32|   0|   32|          0|
    |localB_8_load_6_reg_12885                          |   32|   0|   32|          0|
    |localB_8_load_7_reg_12965                          |   32|   0|   32|          0|
    |localB_8_load_8_reg_13525                          |   32|   0|   32|          0|
    |localB_8_load_9_reg_13605                          |   32|   0|   32|          0|
    |localB_8_load_reg_10965                            |   32|   0|   32|          0|
    |localB_9_load_10_reg_14170                         |   32|   0|   32|          0|
    |localB_9_load_11_reg_14250                         |   32|   0|   32|          0|
    |localB_9_load_12_reg_14810                         |   32|   0|   32|          0|
    |localB_9_load_13_reg_14890                         |   32|   0|   32|          0|
    |localB_9_load_14_reg_15434                         |   32|   0|   32|          0|
    |localB_9_load_15_reg_15514                         |   32|   0|   32|          0|
    |localB_9_load_1_reg_11050                          |   32|   0|   32|          0|
    |localB_9_load_2_reg_11610                          |   32|   0|   32|          0|
    |localB_9_load_3_reg_11690                          |   32|   0|   32|          0|
    |localB_9_load_4_reg_12250                          |   32|   0|   32|          0|
    |localB_9_load_5_reg_12330                          |   32|   0|   32|          0|
    |localB_9_load_6_reg_12890                          |   32|   0|   32|          0|
    |localB_9_load_7_reg_12970                          |   32|   0|   32|          0|
    |localB_9_load_8_reg_13530                          |   32|   0|   32|          0|
    |localB_9_load_9_reg_13610                          |   32|   0|   32|          0|
    |localB_9_load_reg_10970                            |   32|   0|   32|          0|
    |localB_load_10_reg_14125                           |   32|   0|   32|          0|
    |localB_load_11_reg_14205                           |   32|   0|   32|          0|
    |localB_load_12_reg_14765                           |   32|   0|   32|          0|
    |localB_load_13_reg_14845                           |   32|   0|   32|          0|
    |localB_load_14_reg_15389                           |   32|   0|   32|          0|
    |localB_load_15_reg_15469                           |   32|   0|   32|          0|
    |localB_load_1_reg_11005                            |   32|   0|   32|          0|
    |localB_load_2_reg_11565                            |   32|   0|   32|          0|
    |localB_load_3_reg_11645                            |   32|   0|   32|          0|
    |localB_load_4_reg_12205                            |   32|   0|   32|          0|
    |localB_load_5_reg_12285                            |   32|   0|   32|          0|
    |localB_load_6_reg_12845                            |   32|   0|   32|          0|
    |localB_load_7_reg_12925                            |   32|   0|   32|          0|
    |localB_load_8_reg_13485                            |   32|   0|   32|          0|
    |localB_load_9_reg_13565                            |   32|   0|   32|          0|
    |localB_load_reg_10925                              |   32|   0|   32|          0|
    |mul196_reg_15549                                   |   32|   0|   32|          0|
    |mul40_reg_10270                                    |   32|   0|   32|          0|
    |mul_reg_10260                                      |   32|   0|   32|          0|
    |trunc_ln100_2_reg_10275                            |   62|   0|   62|          0|
    |trunc_ln164_1_reg_10280                            |   62|   0|   62|          0|
    |trunc_ln81_2_reg_10265                             |   62|   0|   62|          0|
    +---------------------------------------------------+-----+----+-----+-----------+
    |Total                                              |16884|   0|16884|          0|
    +---------------------------------------------------+-----+----+-----+-----------+



================================================================
== Interface
================================================================
* Summary: 
+-----------------------+-----+-----+---------------+--------------+--------------+
|       RTL Ports       | Dir | Bits|    Protocol   | Source Object|    C Type    |
+-----------------------+-----+-----+---------------+--------------+--------------+
|s_axi_control_AWVALID  |   in|    1|          s_axi|       control|        scalar|
|s_axi_control_AWREADY  |  out|    1|          s_axi|       control|        scalar|
|s_axi_control_AWADDR   |   in|    7|          s_axi|       control|        scalar|
|s_axi_control_WVALID   |   in|    1|          s_axi|       control|        scalar|
|s_axi_control_WREADY   |  out|    1|          s_axi|       control|        scalar|
|s_axi_control_WDATA    |   in|   32|          s_axi|       control|        scalar|
|s_axi_control_WSTRB    |   in|    4|          s_axi|       control|        scalar|
|s_axi_control_ARVALID  |   in|    1|          s_axi|       control|        scalar|
|s_axi_control_ARREADY  |  out|    1|          s_axi|       control|        scalar|
|s_axi_control_ARADDR   |   in|    7|          s_axi|       control|        scalar|
|s_axi_control_RVALID   |  out|    1|          s_axi|       control|        scalar|
|s_axi_control_RREADY   |   in|    1|          s_axi|       control|        scalar|
|s_axi_control_RDATA    |  out|   32|          s_axi|       control|        scalar|
|s_axi_control_RRESP    |  out|    2|          s_axi|       control|        scalar|
|s_axi_control_BVALID   |  out|    1|          s_axi|       control|        scalar|
|s_axi_control_BREADY   |   in|    1|          s_axi|       control|        scalar|
|s_axi_control_BRESP    |  out|    2|          s_axi|       control|        scalar|
|ap_clk                 |   in|    1|  ap_ctrl_chain|         mmult|  return value|
|ap_rst_n               |   in|    1|  ap_ctrl_chain|         mmult|  return value|
|interrupt              |  out|    1|  ap_ctrl_chain|         mmult|  return value|
|m_axi_gmem0_AWVALID    |  out|    1|          m_axi|         gmem0|       pointer|
|m_axi_gmem0_AWREADY    |   in|    1|          m_axi|         gmem0|       pointer|
|m_axi_gmem0_AWADDR     |  out|   64|          m_axi|         gmem0|       pointer|
|m_axi_gmem0_AWID       |  out|    1|          m_axi|         gmem0|       pointer|
|m_axi_gmem0_AWLEN      |  out|    8|          m_axi|         gmem0|       pointer|
|m_axi_gmem0_AWSIZE     |  out|    3|          m_axi|         gmem0|       pointer|
|m_axi_gmem0_AWBURST    |  out|    2|          m_axi|         gmem0|       pointer|
|m_axi_gmem0_AWLOCK     |  out|    2|          m_axi|         gmem0|       pointer|
|m_axi_gmem0_AWCACHE    |  out|    4|          m_axi|         gmem0|       pointer|
|m_axi_gmem0_AWPROT     |  out|    3|          m_axi|         gmem0|       pointer|
|m_axi_gmem0_AWQOS      |  out|    4|          m_axi|         gmem0|       pointer|
|m_axi_gmem0_AWREGION   |  out|    4|          m_axi|         gmem0|       pointer|
|m_axi_gmem0_AWUSER     |  out|    1|          m_axi|         gmem0|       pointer|
|m_axi_gmem0_WVALID     |  out|    1|          m_axi|         gmem0|       pointer|
|m_axi_gmem0_WREADY     |   in|    1|          m_axi|         gmem0|       pointer|
|m_axi_gmem0_WDATA      |  out|   32|          m_axi|         gmem0|       pointer|
|m_axi_gmem0_WSTRB      |  out|    4|          m_axi|         gmem0|       pointer|
|m_axi_gmem0_WLAST      |  out|    1|          m_axi|         gmem0|       pointer|
|m_axi_gmem0_WID        |  out|    1|          m_axi|         gmem0|       pointer|
|m_axi_gmem0_WUSER      |  out|    1|          m_axi|         gmem0|       pointer|
|m_axi_gmem0_ARVALID    |  out|    1|          m_axi|         gmem0|       pointer|
|m_axi_gmem0_ARREADY    |   in|    1|          m_axi|         gmem0|       pointer|
|m_axi_gmem0_ARADDR     |  out|   64|          m_axi|         gmem0|       pointer|
|m_axi_gmem0_ARID       |  out|    1|          m_axi|         gmem0|       pointer|
|m_axi_gmem0_ARLEN      |  out|    8|          m_axi|         gmem0|       pointer|
|m_axi_gmem0_ARSIZE     |  out|    3|          m_axi|         gmem0|       pointer|
|m_axi_gmem0_ARBURST    |  out|    2|          m_axi|         gmem0|       pointer|
|m_axi_gmem0_ARLOCK     |  out|    2|          m_axi|         gmem0|       pointer|
|m_axi_gmem0_ARCACHE    |  out|    4|          m_axi|         gmem0|       pointer|
|m_axi_gmem0_ARPROT     |  out|    3|          m_axi|         gmem0|       pointer|
|m_axi_gmem0_ARQOS      |  out|    4|          m_axi|         gmem0|       pointer|
|m_axi_gmem0_ARREGION   |  out|    4|          m_axi|         gmem0|       pointer|
|m_axi_gmem0_ARUSER     |  out|    1|          m_axi|         gmem0|       pointer|
|m_axi_gmem0_RVALID     |   in|    1|          m_axi|         gmem0|       pointer|
|m_axi_gmem0_RREADY     |  out|    1|          m_axi|         gmem0|       pointer|
|m_axi_gmem0_RDATA      |   in|   32|          m_axi|         gmem0|       pointer|
|m_axi_gmem0_RLAST      |   in|    1|          m_axi|         gmem0|       pointer|
|m_axi_gmem0_RID        |   in|    1|          m_axi|         gmem0|       pointer|
|m_axi_gmem0_RUSER      |   in|    1|          m_axi|         gmem0|       pointer|
|m_axi_gmem0_RRESP      |   in|    2|          m_axi|         gmem0|       pointer|
|m_axi_gmem0_BVALID     |   in|    1|          m_axi|         gmem0|       pointer|
|m_axi_gmem0_BREADY     |  out|    1|          m_axi|         gmem0|       pointer|
|m_axi_gmem0_BRESP      |   in|    2|          m_axi|         gmem0|       pointer|
|m_axi_gmem0_BID        |   in|    1|          m_axi|         gmem0|       pointer|
|m_axi_gmem0_BUSER      |   in|    1|          m_axi|         gmem0|       pointer|
|m_axi_gmem1_AWVALID    |  out|    1|          m_axi|         gmem1|       pointer|
|m_axi_gmem1_AWREADY    |   in|    1|          m_axi|         gmem1|       pointer|
|m_axi_gmem1_AWADDR     |  out|   64|          m_axi|         gmem1|       pointer|
|m_axi_gmem1_AWID       |  out|    1|          m_axi|         gmem1|       pointer|
|m_axi_gmem1_AWLEN      |  out|    8|          m_axi|         gmem1|       pointer|
|m_axi_gmem1_AWSIZE     |  out|    3|          m_axi|         gmem1|       pointer|
|m_axi_gmem1_AWBURST    |  out|    2|          m_axi|         gmem1|       pointer|
|m_axi_gmem1_AWLOCK     |  out|    2|          m_axi|         gmem1|       pointer|
|m_axi_gmem1_AWCACHE    |  out|    4|          m_axi|         gmem1|       pointer|
|m_axi_gmem1_AWPROT     |  out|    3|          m_axi|         gmem1|       pointer|
|m_axi_gmem1_AWQOS      |  out|    4|          m_axi|         gmem1|       pointer|
|m_axi_gmem1_AWREGION   |  out|    4|          m_axi|         gmem1|       pointer|
|m_axi_gmem1_AWUSER     |  out|    1|          m_axi|         gmem1|       pointer|
|m_axi_gmem1_WVALID     |  out|    1|          m_axi|         gmem1|       pointer|
|m_axi_gmem1_WREADY     |   in|    1|          m_axi|         gmem1|       pointer|
|m_axi_gmem1_WDATA      |  out|   32|          m_axi|         gmem1|       pointer|
|m_axi_gmem1_WSTRB      |  out|    4|          m_axi|         gmem1|       pointer|
|m_axi_gmem1_WLAST      |  out|    1|          m_axi|         gmem1|       pointer|
|m_axi_gmem1_WID        |  out|    1|          m_axi|         gmem1|       pointer|
|m_axi_gmem1_WUSER      |  out|    1|          m_axi|         gmem1|       pointer|
|m_axi_gmem1_ARVALID    |  out|    1|          m_axi|         gmem1|       pointer|
|m_axi_gmem1_ARREADY    |   in|    1|          m_axi|         gmem1|       pointer|
|m_axi_gmem1_ARADDR     |  out|   64|          m_axi|         gmem1|       pointer|
|m_axi_gmem1_ARID       |  out|    1|          m_axi|         gmem1|       pointer|
|m_axi_gmem1_ARLEN      |  out|    8|          m_axi|         gmem1|       pointer|
|m_axi_gmem1_ARSIZE     |  out|    3|          m_axi|         gmem1|       pointer|
|m_axi_gmem1_ARBURST    |  out|    2|          m_axi|         gmem1|       pointer|
|m_axi_gmem1_ARLOCK     |  out|    2|          m_axi|         gmem1|       pointer|
|m_axi_gmem1_ARCACHE    |  out|    4|          m_axi|         gmem1|       pointer|
|m_axi_gmem1_ARPROT     |  out|    3|          m_axi|         gmem1|       pointer|
|m_axi_gmem1_ARQOS      |  out|    4|          m_axi|         gmem1|       pointer|
|m_axi_gmem1_ARREGION   |  out|    4|          m_axi|         gmem1|       pointer|
|m_axi_gmem1_ARUSER     |  out|    1|          m_axi|         gmem1|       pointer|
|m_axi_gmem1_RVALID     |   in|    1|          m_axi|         gmem1|       pointer|
|m_axi_gmem1_RREADY     |  out|    1|          m_axi|         gmem1|       pointer|
|m_axi_gmem1_RDATA      |   in|   32|          m_axi|         gmem1|       pointer|
|m_axi_gmem1_RLAST      |   in|    1|          m_axi|         gmem1|       pointer|
|m_axi_gmem1_RID        |   in|    1|          m_axi|         gmem1|       pointer|
|m_axi_gmem1_RUSER      |   in|    1|          m_axi|         gmem1|       pointer|
|m_axi_gmem1_RRESP      |   in|    2|          m_axi|         gmem1|       pointer|
|m_axi_gmem1_BVALID     |   in|    1|          m_axi|         gmem1|       pointer|
|m_axi_gmem1_BREADY     |  out|    1|          m_axi|         gmem1|       pointer|
|m_axi_gmem1_BRESP      |   in|    2|          m_axi|         gmem1|       pointer|
|m_axi_gmem1_BID        |   in|    1|          m_axi|         gmem1|       pointer|
|m_axi_gmem1_BUSER      |   in|    1|          m_axi|         gmem1|       pointer|
|m_axi_gmem2_AWVALID    |  out|    1|          m_axi|         gmem2|       pointer|
|m_axi_gmem2_AWREADY    |   in|    1|          m_axi|         gmem2|       pointer|
|m_axi_gmem2_AWADDR     |  out|   64|          m_axi|         gmem2|       pointer|
|m_axi_gmem2_AWID       |  out|    1|          m_axi|         gmem2|       pointer|
|m_axi_gmem2_AWLEN      |  out|    8|          m_axi|         gmem2|       pointer|
|m_axi_gmem2_AWSIZE     |  out|    3|          m_axi|         gmem2|       pointer|
|m_axi_gmem2_AWBURST    |  out|    2|          m_axi|         gmem2|       pointer|
|m_axi_gmem2_AWLOCK     |  out|    2|          m_axi|         gmem2|       pointer|
|m_axi_gmem2_AWCACHE    |  out|    4|          m_axi|         gmem2|       pointer|
|m_axi_gmem2_AWPROT     |  out|    3|          m_axi|         gmem2|       pointer|
|m_axi_gmem2_AWQOS      |  out|    4|          m_axi|         gmem2|       pointer|
|m_axi_gmem2_AWREGION   |  out|    4|          m_axi|         gmem2|       pointer|
|m_axi_gmem2_AWUSER     |  out|    1|          m_axi|         gmem2|       pointer|
|m_axi_gmem2_WVALID     |  out|    1|          m_axi|         gmem2|       pointer|
|m_axi_gmem2_WREADY     |   in|    1|          m_axi|         gmem2|       pointer|
|m_axi_gmem2_WDATA      |  out|   32|          m_axi|         gmem2|       pointer|
|m_axi_gmem2_WSTRB      |  out|    4|          m_axi|         gmem2|       pointer|
|m_axi_gmem2_WLAST      |  out|    1|          m_axi|         gmem2|       pointer|
|m_axi_gmem2_WID        |  out|    1|          m_axi|         gmem2|       pointer|
|m_axi_gmem2_WUSER      |  out|    1|          m_axi|         gmem2|       pointer|
|m_axi_gmem2_ARVALID    |  out|    1|          m_axi|         gmem2|       pointer|
|m_axi_gmem2_ARREADY    |   in|    1|          m_axi|         gmem2|       pointer|
|m_axi_gmem2_ARADDR     |  out|   64|          m_axi|         gmem2|       pointer|
|m_axi_gmem2_ARID       |  out|    1|          m_axi|         gmem2|       pointer|
|m_axi_gmem2_ARLEN      |  out|    8|          m_axi|         gmem2|       pointer|
|m_axi_gmem2_ARSIZE     |  out|    3|          m_axi|         gmem2|       pointer|
|m_axi_gmem2_ARBURST    |  out|    2|          m_axi|         gmem2|       pointer|
|m_axi_gmem2_ARLOCK     |  out|    2|          m_axi|         gmem2|       pointer|
|m_axi_gmem2_ARCACHE    |  out|    4|          m_axi|         gmem2|       pointer|
|m_axi_gmem2_ARPROT     |  out|    3|          m_axi|         gmem2|       pointer|
|m_axi_gmem2_ARQOS      |  out|    4|          m_axi|         gmem2|       pointer|
|m_axi_gmem2_ARREGION   |  out|    4|          m_axi|         gmem2|       pointer|
|m_axi_gmem2_ARUSER     |  out|    1|          m_axi|         gmem2|       pointer|
|m_axi_gmem2_RVALID     |   in|    1|          m_axi|         gmem2|       pointer|
|m_axi_gmem2_RREADY     |  out|    1|          m_axi|         gmem2|       pointer|
|m_axi_gmem2_RDATA      |   in|   32|          m_axi|         gmem2|       pointer|
|m_axi_gmem2_RLAST      |   in|    1|          m_axi|         gmem2|       pointer|
|m_axi_gmem2_RID        |   in|    1|          m_axi|         gmem2|       pointer|
|m_axi_gmem2_RUSER      |   in|    1|          m_axi|         gmem2|       pointer|
|m_axi_gmem2_RRESP      |   in|    2|          m_axi|         gmem2|       pointer|
|m_axi_gmem2_BVALID     |   in|    1|          m_axi|         gmem2|       pointer|
|m_axi_gmem2_BREADY     |  out|    1|          m_axi|         gmem2|       pointer|
|m_axi_gmem2_BRESP      |   in|    2|          m_axi|         gmem2|       pointer|
|m_axi_gmem2_BID        |   in|    1|          m_axi|         gmem2|       pointer|
|m_axi_gmem2_BUSER      |   in|    1|          m_axi|         gmem2|       pointer|
+-----------------------+-----+-----+---------------+--------------+--------------+

