

================================================================
== Vitis HLS Report for 'mmult'
================================================================
* Date:           Thu Dec  5 03:00:37 2024

* Version:        2022.1 (Build 3526262 on Mon Apr 18 15:47:01 MDT 2022)
* Project:        mmult
* Solution:       solution (Vitis Kernel Flow Target)
* Product family: virtexuplus
* Target device:  xcu50-fsvh2104-2-e


================================================================
== Performance Estimates
================================================================
+ Timing: 
    * Summary: 
    +--------+---------+----------+------------+
    |  Clock |  Target | Estimated| Uncertainty|
    +--------+---------+----------+------------+
    |ap_clk  |  3.33 ns|  2.433 ns|     0.90 ns|
    +--------+---------+----------+------------+

+ Latency: 
    * Summary: 
    +---------+---------+----------+----------+-----+-----+---------+
    |  Latency (cycles) |  Latency (absolute) |  Interval | Pipeline|
    |   min   |   max   |    min   |    max   | min | max |   Type  |
    +---------+---------+----------+----------+-----+-----+---------+
    |      662|      685|  2.206 us|  2.283 us|  663|  686|       no|
    +---------+---------+----------+----------+-----+-----+---------+

    + Detail: 
        * Instance: 
        +--------------------------------------+--------------------------+---------+---------+-----------+-----------+-----+-----+---------+
        |                                      |                          |  Latency (cycles) |   Latency (absolute)  |  Interval | Pipeline|
        |               Instance               |          Module          |   min   |   max   |    min    |    max    | min | max |   Type  |
        +--------------------------------------+--------------------------+---------+---------+-----------+-----------+-----+-----+---------+
        |grp_mmult_Pipeline_init_fu_3960       |mmult_Pipeline_init       |       18|       18|  59.994 ns|  59.994 ns|   18|   18|       no|
        |grp_mmult_Pipeline_readA_fu_3980      |mmult_Pipeline_readA      |      328|      328|   1.093 us|   1.093 us|  328|  328|       no|
        |grp_mmult_Pipeline_readB_fu_4006      |mmult_Pipeline_readB      |      328|      328|   1.093 us|   1.093 us|  328|  328|       no|
        |grp_mmult_Pipeline_systolic1_fu_4032  |mmult_Pipeline_systolic1  |       21|       21|  69.993 ns|  69.993 ns|   21|   21|       no|
        |grp_mmult_Pipeline_writeC_fu_4373     |mmult_Pipeline_writeC     |      325|      325|   1.083 us|   1.083 us|  325|  325|       no|
        +--------------------------------------+--------------------------+---------+---------+-----------+-----------+-----+-----+---------+

        * Loop: 
        N/A



================================================================
== Utilization Estimates
================================================================
* Summary: 
+---------------------+---------+------+---------+--------+-----+
|         Name        | BRAM_18K|  DSP |    FF   |   LUT  | URAM|
+---------------------+---------+------+---------+--------+-----+
|DSP                  |        -|     -|        -|       -|    -|
|Expression           |        -|     -|        0|     652|    -|
|FIFO                 |        -|     -|        -|       -|    -|
|Instance             |        0|   768|    63083|   41205|    0|
|Memory               |        0|     -|     1024|    1056|    0|
|Multiplexer          |        -|     -|        -|    3736|    -|
|Register             |        -|     -|     8751|       -|    -|
+---------------------+---------+------+---------+--------+-----+
|Total                |        0|   768|    72858|   46649|    0|
+---------------------+---------+------+---------+--------+-----+
|Available SLR        |     1344|  2976|   871680|  435840|  320|
+---------------------+---------+------+---------+--------+-----+
|Utilization SLR (%)  |        0|    25|        8|      10|    0|
+---------------------+---------+------+---------+--------+-----+
|Available            |     2688|  5952|  1743360|  871680|  640|
+---------------------+---------+------+---------+--------+-----+
|Utilization (%)      |        0|    12|        4|       5|    0|
+---------------------+---------+------+---------+--------+-----+

+ Detail: 
    * Instance: 
    +--------------------------------------+--------------------------+---------+-----+-------+-------+-----+
    |               Instance               |          Module          | BRAM_18K| DSP |   FF  |  LUT  | URAM|
    +--------------------------------------+--------------------------+---------+-----+-------+-------+-----+
    |control_s_axi_U                       |control_s_axi             |        0|    0|    360|    616|    0|
    |gmem0_m_axi_U                         |gmem0_m_axi               |        0|    0|    764|   1118|    0|
    |gmem1_m_axi_U                         |gmem1_m_axi               |        0|    0|    764|   1118|    0|
    |gmem2_m_axi_U                         |gmem2_m_axi               |        0|    0|    764|   1118|    0|
    |grp_mmult_Pipeline_init_fu_3960       |mmult_Pipeline_init       |        0|    0|      7|     49|    0|
    |grp_mmult_Pipeline_readA_fu_3980      |mmult_Pipeline_readA      |        0|    0|    203|    621|    0|
    |grp_mmult_Pipeline_readB_fu_4006      |mmult_Pipeline_readB      |        0|    0|    203|    621|    0|
    |grp_mmult_Pipeline_systolic1_fu_4032  |mmult_Pipeline_systolic1  |        0|  759|  59323|  34079|    0|
    |grp_mmult_Pipeline_writeC_fu_4373     |mmult_Pipeline_writeC     |        0|    0|    200|   1718|    0|
    |mul_32s_32s_32_2_1_U932               |mul_32s_32s_32_2_1        |        0|    3|    165|     49|    0|
    |mul_32s_32s_32_2_1_U933               |mul_32s_32s_32_2_1        |        0|    3|    165|     49|    0|
    |mul_32s_32s_32_2_1_U934               |mul_32s_32s_32_2_1        |        0|    3|    165|     49|    0|
    +--------------------------------------+--------------------------+---------+-----+-------+-------+-----+
    |Total                                 |                          |        0|  768|  63083|  41205|    0|
    +--------------------------------------+--------------------------+---------+-----+-------+-------+-----+

    * DSP: 
    N/A

    * Memory: 
    +-------------+----------------------+---------+----+----+-----+------+-----+------+-------------+
    |    Memory   |        Module        | BRAM_18K| FF | LUT| URAM| Words| Bits| Banks| W*Bits*Banks|
    +-------------+----------------------+---------+----+----+-----+------+-----+------+-------------+
    |localA_U     |localA_RAM_AUTO_1R1W  |        0|  32|  33|    0|    16|   32|     1|          512|
    |localA_1_U   |localA_RAM_AUTO_1R1W  |        0|  32|  33|    0|    16|   32|     1|          512|
    |localA_2_U   |localA_RAM_AUTO_1R1W  |        0|  32|  33|    0|    16|   32|     1|          512|
    |localA_3_U   |localA_RAM_AUTO_1R1W  |        0|  32|  33|    0|    16|   32|     1|          512|
    |localA_4_U   |localA_RAM_AUTO_1R1W  |        0|  32|  33|    0|    16|   32|     1|          512|
    |localA_5_U   |localA_RAM_AUTO_1R1W  |        0|  32|  33|    0|    16|   32|     1|          512|
    |localA_6_U   |localA_RAM_AUTO_1R1W  |        0|  32|  33|    0|    16|   32|     1|          512|
    |localA_7_U   |localA_RAM_AUTO_1R1W  |        0|  32|  33|    0|    16|   32|     1|          512|
    |localA_8_U   |localA_RAM_AUTO_1R1W  |        0|  32|  33|    0|    16|   32|     1|          512|
    |localA_9_U   |localA_RAM_AUTO_1R1W  |        0|  32|  33|    0|    16|   32|     1|          512|
    |localA_10_U  |localA_RAM_AUTO_1R1W  |        0|  32|  33|    0|    16|   32|     1|          512|
    |localA_11_U  |localA_RAM_AUTO_1R1W  |        0|  32|  33|    0|    16|   32|     1|          512|
    |localA_12_U  |localA_RAM_AUTO_1R1W  |        0|  32|  33|    0|    16|   32|     1|          512|
    |localA_13_U  |localA_RAM_AUTO_1R1W  |        0|  32|  33|    0|    16|   32|     1|          512|
    |localA_14_U  |localA_RAM_AUTO_1R1W  |        0|  32|  33|    0|    16|   32|     1|          512|
    |localA_15_U  |localA_RAM_AUTO_1R1W  |        0|  32|  33|    0|    16|   32|     1|          512|
    |localB_U     |localA_RAM_AUTO_1R1W  |        0|  32|  33|    0|    16|   32|     1|          512|
    |localB_1_U   |localA_RAM_AUTO_1R1W  |        0|  32|  33|    0|    16|   32|     1|          512|
    |localB_2_U   |localA_RAM_AUTO_1R1W  |        0|  32|  33|    0|    16|   32|     1|          512|
    |localB_3_U   |localA_RAM_AUTO_1R1W  |        0|  32|  33|    0|    16|   32|     1|          512|
    |localB_4_U   |localA_RAM_AUTO_1R1W  |        0|  32|  33|    0|    16|   32|     1|          512|
    |localB_5_U   |localA_RAM_AUTO_1R1W  |        0|  32|  33|    0|    16|   32|     1|          512|
    |localB_6_U   |localA_RAM_AUTO_1R1W  |        0|  32|  33|    0|    16|   32|     1|          512|
    |localB_7_U   |localA_RAM_AUTO_1R1W  |        0|  32|  33|    0|    16|   32|     1|          512|
    |localB_8_U   |localA_RAM_AUTO_1R1W  |        0|  32|  33|    0|    16|   32|     1|          512|
    |localB_9_U   |localA_RAM_AUTO_1R1W  |        0|  32|  33|    0|    16|   32|     1|          512|
    |localB_10_U  |localA_RAM_AUTO_1R1W  |        0|  32|  33|    0|    16|   32|     1|          512|
    |localB_11_U  |localA_RAM_AUTO_1R1W  |        0|  32|  33|    0|    16|   32|     1|          512|
    |localB_12_U  |localA_RAM_AUTO_1R1W  |        0|  32|  33|    0|    16|   32|     1|          512|
    |localB_13_U  |localA_RAM_AUTO_1R1W  |        0|  32|  33|    0|    16|   32|     1|          512|
    |localB_14_U  |localA_RAM_AUTO_1R1W  |        0|  32|  33|    0|    16|   32|     1|          512|
    |localB_15_U  |localA_RAM_AUTO_1R1W  |        0|  32|  33|    0|    16|   32|     1|          512|
    +-------------+----------------------+---------+----+----+-----+------+-----+------+-------------+
    |Total        |                      |        0|1024|1056|    0|   512| 1024|    32|        16384|
    +-------------+----------------------+---------+----+----+-----+------+-----+------+-------------+

    * FIFO: 
    N/A

    * Expression: 
    +---------------------------------+----------+----+---+----+------------+------------+
    |          Variable Name          | Operation| DSP| FF| LUT| Bitwidth P0| Bitwidth P1|
    +---------------------------------+----------+----+---+----+------------+------------+
    |cmp69_10_not_fu_5205_p2          |      icmp|   0|  0|  20|          32|           4|
    |cmp69_11_not_fu_5211_p2          |      icmp|   0|  0|  20|          32|           4|
    |cmp69_12_not_fu_5217_p2          |      icmp|   0|  0|  20|          32|           4|
    |cmp69_13_not_fu_5223_p2          |      icmp|   0|  0|  20|          32|           4|
    |cmp69_14_not_fu_5229_p2          |      icmp|   0|  0|  20|          32|           4|
    |cmp69_2_not_fu_5137_p2           |      icmp|   0|  0|  20|          32|           2|
    |cmp69_4_not_fu_5159_p2           |      icmp|   0|  0|  20|          32|           3|
    |cmp69_5_not_fu_5165_p2           |      icmp|   0|  0|  20|          32|           3|
    |cmp69_6_not_fu_5171_p2           |      icmp|   0|  0|  20|          32|           3|
    |cmp69_8_not_fu_5193_p2           |      icmp|   0|  0|  20|          32|           4|
    |cmp69_9_not_fu_5199_p2           |      icmp|   0|  0|  20|          32|           4|
    |cmp69_not_fu_4979_p2             |      icmp|   0|  0|  20|          32|           1|
    |cmp81_10227_fu_5075_p2           |      icmp|   0|  0|  20|          32|           4|
    |cmp81_11248_fu_5081_p2           |      icmp|   0|  0|  20|          32|           4|
    |cmp81_12269_fu_5087_p2           |      icmp|   0|  0|  20|          32|           4|
    |cmp81_13290_fu_5093_p2           |      icmp|   0|  0|  20|          32|           4|
    |cmp81_14311_fu_5099_p2           |      icmp|   0|  0|  20|          32|           4|
    |cmp81_259_fu_5007_p2             |      icmp|   0|  0|  20|          32|           2|
    |cmp81_4101_fu_5029_p2            |      icmp|   0|  0|  20|          32|           3|
    |cmp81_5122_fu_5035_p2            |      icmp|   0|  0|  20|          32|           3|
    |cmp81_6143_fu_5041_p2            |      icmp|   0|  0|  20|          32|           3|
    |cmp81_8185_fu_5063_p2            |      icmp|   0|  0|  20|          32|           4|
    |cmp81_9206_fu_5069_p2            |      icmp|   0|  0|  20|          32|           4|
    |cmp81_fu_4985_p2                 |      icmp|   0|  0|  20|          32|           1|
    |icmp13_fu_5022_p2                |      icmp|   0|  0|  19|          30|           1|
    |icmp16_fu_5056_p2                |      icmp|   0|  0|  18|          29|           1|
    |icmp19_fu_5114_p2                |      icmp|   0|  0|  18|          28|           1|
    |icmp22_fu_5130_p2                |      icmp|   0|  0|  19|          31|           1|
    |icmp25_fu_5152_p2                |      icmp|   0|  0|  19|          30|           1|
    |icmp28_fu_5186_p2                |      icmp|   0|  0|  18|          29|           1|
    |icmp31_fu_5244_p2                |      icmp|   0|  0|  18|          28|           1|
    |icmp_fu_5000_p2                  |      icmp|   0|  0|  19|          31|           1|
    |icmp_ln86_fu_4971_p2             |      icmp|   0|  0|  20|          32|           1|
    |ap_block_state1                  |        or|   0|  0|   2|           1|           1|
    |ap_block_state5_on_subcall_done  |        or|   0|  0|   2|           1|           1|
    +---------------------------------+----------+----+---+----+------------+------------+
    |Total                            |          |   0|  0| 652|        1038|          91|
    +---------------------------------+----------+----+---+----+------------+------------+

    * Multiplexer: 
    +--------------------------+----+-----------+-----+-----------+
    |           Name           | LUT| Input Size| Bits| Total Bits|
    +--------------------------+----+-----------+-----+-----------+
    |ap_NS_fsm                 |  65|         13|    1|         13|
    |ap_done                   |   9|          2|    1|          2|
    |gmem0_ARVALID             |   9|          2|    1|          2|
    |gmem0_RREADY              |   9|          2|    1|          2|
    |gmem1_ARVALID             |   9|          2|    1|          2|
    |gmem1_RREADY              |   9|          2|    1|          2|
    |gmem2_AWVALID             |   9|          2|    1|          2|
    |gmem2_BREADY              |   9|          2|    1|          2|
    |gmem2_WVALID              |   9|          2|    1|          2|
    |grp_fu_4895_ce            |   9|          2|    1|          2|
    |grp_fu_4895_p0            |  14|          3|   32|         96|
    |grp_fu_4895_p1            |  14|          3|   32|         96|
    |grp_fu_4899_ce            |   9|          2|    1|          2|
    |grp_fu_4899_p0            |  14|          3|   32|         96|
    |grp_fu_4899_p1            |  14|          3|   32|         96|
    |grp_fu_6019_ce            |   9|          2|    1|          2|
    |grp_fu_6019_p0            |  14|          3|   32|         96|
    |grp_fu_6019_p1            |  14|          3|   32|         96|
    |localA_10_address0        |  14|          3|    4|         12|
    |localA_10_ce0             |  14|          3|    1|          3|
    |localA_10_we0             |   9|          2|    1|          2|
    |localA_11_address0        |  14|          3|    4|         12|
    |localA_11_ce0             |  14|          3|    1|          3|
    |localA_11_we0             |   9|          2|    1|          2|
    |localA_12_address0        |  14|          3|    4|         12|
    |localA_12_ce0             |  14|          3|    1|          3|
    |localA_12_we0             |   9|          2|    1|          2|
    |localA_13_address0        |  14|          3|    4|         12|
    |localA_13_ce0             |  14|          3|    1|          3|
    |localA_13_we0             |   9|          2|    1|          2|
    |localA_14_address0        |  14|          3|    4|         12|
    |localA_14_ce0             |  14|          3|    1|          3|
    |localA_14_we0             |   9|          2|    1|          2|
    |localA_15_address0        |  14|          3|    4|         12|
    |localA_15_ce0             |  14|          3|    1|          3|
    |localA_15_we0             |   9|          2|    1|          2|
    |localA_1_address0         |  14|          3|    4|         12|
    |localA_1_ce0              |  14|          3|    1|          3|
    |localA_1_we0              |   9|          2|    1|          2|
    |localA_2_address0         |  14|          3|    4|         12|
    |localA_2_ce0              |  14|          3|    1|          3|
    |localA_2_we0              |   9|          2|    1|          2|
    |localA_3_address0         |  14|          3|    4|         12|
    |localA_3_ce0              |  14|          3|    1|          3|
    |localA_3_we0              |   9|          2|    1|          2|
    |localA_4_address0         |  14|          3|    4|         12|
    |localA_4_ce0              |  14|          3|    1|          3|
    |localA_4_we0              |   9|          2|    1|          2|
    |localA_5_address0         |  14|          3|    4|         12|
    |localA_5_ce0              |  14|          3|    1|          3|
    |localA_5_we0              |   9|          2|    1|          2|
    |localA_6_address0         |  14|          3|    4|         12|
    |localA_6_ce0              |  14|          3|    1|          3|
    |localA_6_we0              |   9|          2|    1|          2|
    |localA_7_address0         |  14|          3|    4|         12|
    |localA_7_ce0              |  14|          3|    1|          3|
    |localA_7_we0              |   9|          2|    1|          2|
    |localA_8_address0         |  14|          3|    4|         12|
    |localA_8_ce0              |  14|          3|    1|          3|
    |localA_8_we0              |   9|          2|    1|          2|
    |localA_9_address0         |  14|          3|    4|         12|
    |localA_9_ce0              |  14|          3|    1|          3|
    |localA_9_we0              |   9|          2|    1|          2|
    |localA_address0           |  14|          3|    4|         12|
    |localA_ce0                |  14|          3|    1|          3|
    |localA_we0                |   9|          2|    1|          2|
    |localB_10_address0        |  14|          3|    4|         12|
    |localB_10_ce0             |  14|          3|    1|          3|
    |localB_10_we0             |   9|          2|    1|          2|
    |localB_11_address0        |  14|          3|    4|         12|
    |localB_11_ce0             |  14|          3|    1|          3|
    |localB_11_we0             |   9|          2|    1|          2|
    |localB_12_address0        |  14|          3|    4|         12|
    |localB_12_ce0             |  14|          3|    1|          3|
    |localB_12_we0             |   9|          2|    1|          2|
    |localB_13_address0        |  14|          3|    4|         12|
    |localB_13_ce0             |  14|          3|    1|          3|
    |localB_13_we0             |   9|          2|    1|          2|
    |localB_14_address0        |  14|          3|    4|         12|
    |localB_14_ce0             |  14|          3|    1|          3|
    |localB_14_we0             |   9|          2|    1|          2|
    |localB_15_address0        |  14|          3|    4|         12|
    |localB_15_ce0             |  14|          3|    1|          3|
    |localB_15_we0             |   9|          2|    1|          2|
    |localB_1_address0         |  14|          3|    4|         12|
    |localB_1_ce0              |  14|          3|    1|          3|
    |localB_1_we0              |   9|          2|    1|          2|
    |localB_2_address0         |  14|          3|    4|         12|
    |localB_2_ce0              |  14|          3|    1|          3|
    |localB_2_we0              |   9|          2|    1|          2|
    |localB_3_address0         |  14|          3|    4|         12|
    |localB_3_ce0              |  14|          3|    1|          3|
    |localB_3_we0              |   9|          2|    1|          2|
    |localB_4_address0         |  14|          3|    4|         12|
    |localB_4_ce0              |  14|          3|    1|          3|
    |localB_4_we0              |   9|          2|    1|          2|
    |localB_5_address0         |  14|          3|    4|         12|
    |localB_5_ce0              |  14|          3|    1|          3|
    |localB_5_we0              |   9|          2|    1|          2|
    |localB_6_address0         |  14|          3|    4|         12|
    |localB_6_ce0              |  14|          3|    1|          3|
    |localB_6_we0              |   9|          2|    1|          2|
    |localB_7_address0         |  14|          3|    4|         12|
    |localB_7_ce0              |  14|          3|    1|          3|
    |localB_7_we0              |   9|          2|    1|          2|
    |localB_8_address0         |  14|          3|    4|         12|
    |localB_8_ce0              |  14|          3|    1|          3|
    |localB_8_we0              |   9|          2|    1|          2|
    |localB_9_address0         |  14|          3|    4|         12|
    |localB_9_ce0              |  14|          3|    1|          3|
    |localB_9_we0              |   9|          2|    1|          2|
    |localB_address0           |  14|          3|    4|         12|
    |localB_ce0                |  14|          3|    1|          3|
    |localB_we0                |   9|          2|    1|          2|
    |mux_case_01883_reg_3790   |   9|          2|   32|         64|
    |mux_case_01900_reg_3630   |   9|          2|   32|         64|
    |mux_case_01917_reg_3470   |   9|          2|   32|         64|
    |mux_case_01934_reg_3310   |   9|          2|   32|         64|
    |mux_case_01951_reg_3150   |   9|          2|   32|         64|
    |mux_case_01968_reg_2990   |   9|          2|   32|         64|
    |mux_case_01985_reg_2830   |   9|          2|   32|         64|
    |mux_case_02002_reg_2670   |   9|          2|   32|         64|
    |mux_case_02019_reg_2510   |   9|          2|   32|         64|
    |mux_case_02036_reg_2350   |   9|          2|   32|         64|
    |mux_case_02053_reg_2190   |   9|          2|   32|         64|
    |mux_case_02070_reg_2030   |   9|          2|   32|         64|
    |mux_case_02087_reg_1870   |   9|          2|   32|         64|
    |mux_case_02104_reg_1710   |   9|          2|   32|         64|
    |mux_case_02121_reg_1550   |   9|          2|   32|         64|
    |mux_case_0_reg_3950       |   9|          2|   32|         64|
    |mux_case_101893_reg_3690  |   9|          2|   32|         64|
    |mux_case_101910_reg_3530  |   9|          2|   32|         64|
    |mux_case_101927_reg_3370  |   9|          2|   32|         64|
    |mux_case_101944_reg_3210  |   9|          2|   32|         64|
    |mux_case_101961_reg_3050  |   9|          2|   32|         64|
    |mux_case_101978_reg_2890  |   9|          2|   32|         64|
    |mux_case_101995_reg_2730  |   9|          2|   32|         64|
    |mux_case_102012_reg_2570  |   9|          2|   32|         64|
    |mux_case_102029_reg_2410  |   9|          2|   32|         64|
    |mux_case_102046_reg_2250  |   9|          2|   32|         64|
    |mux_case_102063_reg_2090  |   9|          2|   32|         64|
    |mux_case_102080_reg_1930  |   9|          2|   32|         64|
    |mux_case_102097_reg_1770  |   9|          2|   32|         64|
    |mux_case_102114_reg_1610  |   9|          2|   32|         64|
    |mux_case_102131_reg_1450  |   9|          2|   32|         64|
    |mux_case_10_reg_3850      |   9|          2|   32|         64|
    |mux_case_111894_reg_3680  |   9|          2|   32|         64|
    |mux_case_111911_reg_3520  |   9|          2|   32|         64|
    |mux_case_111928_reg_3360  |   9|          2|   32|         64|
    |mux_case_111945_reg_3200  |   9|          2|   32|         64|
    |mux_case_111962_reg_3040  |   9|          2|   32|         64|
    |mux_case_111979_reg_2880  |   9|          2|   32|         64|
    |mux_case_111996_reg_2720  |   9|          2|   32|         64|
    |mux_case_112013_reg_2560  |   9|          2|   32|         64|
    |mux_case_112030_reg_2400  |   9|          2|   32|         64|
    |mux_case_112047_reg_2240  |   9|          2|   32|         64|
    |mux_case_112064_reg_2080  |   9|          2|   32|         64|
    |mux_case_112081_reg_1920  |   9|          2|   32|         64|
    |mux_case_112098_reg_1760  |   9|          2|   32|         64|
    |mux_case_112115_reg_1600  |   9|          2|   32|         64|
    |mux_case_112132_reg_1440  |   9|          2|   32|         64|
    |mux_case_11884_reg_3780   |   9|          2|   32|         64|
    |mux_case_11901_reg_3620   |   9|          2|   32|         64|
    |mux_case_11918_reg_3460   |   9|          2|   32|         64|
    |mux_case_11935_reg_3300   |   9|          2|   32|         64|
    |mux_case_11952_reg_3140   |   9|          2|   32|         64|
    |mux_case_11969_reg_2980   |   9|          2|   32|         64|
    |mux_case_11986_reg_2820   |   9|          2|   32|         64|
    |mux_case_11_reg_3840      |   9|          2|   32|         64|
    |mux_case_12003_reg_2660   |   9|          2|   32|         64|
    |mux_case_12020_reg_2500   |   9|          2|   32|         64|
    |mux_case_12037_reg_2340   |   9|          2|   32|         64|
    |mux_case_12054_reg_2180   |   9|          2|   32|         64|
    |mux_case_12071_reg_2020   |   9|          2|   32|         64|
    |mux_case_12088_reg_1860   |   9|          2|   32|         64|
    |mux_case_12105_reg_1700   |   9|          2|   32|         64|
    |mux_case_12122_reg_1540   |   9|          2|   32|         64|
    |mux_case_121895_reg_3670  |   9|          2|   32|         64|
    |mux_case_121912_reg_3510  |   9|          2|   32|         64|
    |mux_case_121929_reg_3350  |   9|          2|   32|         64|
    |mux_case_121946_reg_3190  |   9|          2|   32|         64|
    |mux_case_121963_reg_3030  |   9|          2|   32|         64|
    |mux_case_121980_reg_2870  |   9|          2|   32|         64|
    |mux_case_121997_reg_2710  |   9|          2|   32|         64|
    |mux_case_122014_reg_2550  |   9|          2|   32|         64|
    |mux_case_122031_reg_2390  |   9|          2|   32|         64|
    |mux_case_122048_reg_2230  |   9|          2|   32|         64|
    |mux_case_122065_reg_2070  |   9|          2|   32|         64|
    |mux_case_122082_reg_1910  |   9|          2|   32|         64|
    |mux_case_122099_reg_1750  |   9|          2|   32|         64|
    |mux_case_122116_reg_1590  |   9|          2|   32|         64|
    |mux_case_122133_reg_1430  |   9|          2|   32|         64|
    |mux_case_12_reg_3830      |   9|          2|   32|         64|
    |mux_case_131896_reg_3660  |   9|          2|   32|         64|
    |mux_case_131913_reg_3500  |   9|          2|   32|         64|
    |mux_case_131930_reg_3340  |   9|          2|   32|         64|
    |mux_case_131947_reg_3180  |   9|          2|   32|         64|
    |mux_case_131964_reg_3020  |   9|          2|   32|         64|
    |mux_case_131981_reg_2860  |   9|          2|   32|         64|
    |mux_case_131998_reg_2700  |   9|          2|   32|         64|
    |mux_case_132015_reg_2540  |   9|          2|   32|         64|
    |mux_case_132032_reg_2380  |   9|          2|   32|         64|
    |mux_case_132049_reg_2220  |   9|          2|   32|         64|
    |mux_case_132066_reg_2060  |   9|          2|   32|         64|
    |mux_case_132083_reg_1900  |   9|          2|   32|         64|
    |mux_case_132100_reg_1740  |   9|          2|   32|         64|
    |mux_case_132117_reg_1580  |   9|          2|   32|         64|
    |mux_case_132134_reg_1420  |   9|          2|   32|         64|
    |mux_case_13_reg_3820      |   9|          2|   32|         64|
    |mux_case_141897_reg_3650  |   9|          2|   32|         64|
    |mux_case_141914_reg_3490  |   9|          2|   32|         64|
    |mux_case_141931_reg_3330  |   9|          2|   32|         64|
    |mux_case_141948_reg_3170  |   9|          2|   32|         64|
    |mux_case_141965_reg_3010  |   9|          2|   32|         64|
    |mux_case_141982_reg_2850  |   9|          2|   32|         64|
    |mux_case_141999_reg_2690  |   9|          2|   32|         64|
    |mux_case_142016_reg_2530  |   9|          2|   32|         64|
    |mux_case_142033_reg_2370  |   9|          2|   32|         64|
    |mux_case_142050_reg_2210  |   9|          2|   32|         64|
    |mux_case_142067_reg_2050  |   9|          2|   32|         64|
    |mux_case_142084_reg_1890  |   9|          2|   32|         64|
    |mux_case_142101_reg_1730  |   9|          2|   32|         64|
    |mux_case_142118_reg_1570  |   9|          2|   32|         64|
    |mux_case_142135_reg_1410  |   9|          2|   32|         64|
    |mux_case_14_reg_3810      |   9|          2|   32|         64|
    |mux_case_151898_reg_3640  |   9|          2|   32|         64|
    |mux_case_151915_reg_3480  |   9|          2|   32|         64|
    |mux_case_151932_reg_3320  |   9|          2|   32|         64|
    |mux_case_151949_reg_3160  |   9|          2|   32|         64|
    |mux_case_151966_reg_3000  |   9|          2|   32|         64|
    |mux_case_151983_reg_2840  |   9|          2|   32|         64|
    |mux_case_152000_reg_2680  |   9|          2|   32|         64|
    |mux_case_152017_reg_2520  |   9|          2|   32|         64|
    |mux_case_152034_reg_2360  |   9|          2|   32|         64|
    |mux_case_152051_reg_2200  |   9|          2|   32|         64|
    |mux_case_152068_reg_2040  |   9|          2|   32|         64|
    |mux_case_152085_reg_1880  |   9|          2|   32|         64|
    |mux_case_152102_reg_1720  |   9|          2|   32|         64|
    |mux_case_152119_reg_1560  |   9|          2|   32|         64|
    |mux_case_152136_reg_1400  |   9|          2|   32|         64|
    |mux_case_15_reg_3800      |   9|          2|   32|         64|
    |mux_case_1_reg_3940       |   9|          2|   32|         64|
    |mux_case_21885_reg_3770   |   9|          2|   32|         64|
    |mux_case_21902_reg_3610   |   9|          2|   32|         64|
    |mux_case_21919_reg_3450   |   9|          2|   32|         64|
    |mux_case_21936_reg_3290   |   9|          2|   32|         64|
    |mux_case_21953_reg_3130   |   9|          2|   32|         64|
    |mux_case_21970_reg_2970   |   9|          2|   32|         64|
    |mux_case_21987_reg_2810   |   9|          2|   32|         64|
    |mux_case_22004_reg_2650   |   9|          2|   32|         64|
    |mux_case_22021_reg_2490   |   9|          2|   32|         64|
    |mux_case_22038_reg_2330   |   9|          2|   32|         64|
    |mux_case_22055_reg_2170   |   9|          2|   32|         64|
    |mux_case_22072_reg_2010   |   9|          2|   32|         64|
    |mux_case_22089_reg_1850   |   9|          2|   32|         64|
    |mux_case_22106_reg_1690   |   9|          2|   32|         64|
    |mux_case_22123_reg_1530   |   9|          2|   32|         64|
    |mux_case_2_reg_3930       |   9|          2|   32|         64|
    |mux_case_31886_reg_3760   |   9|          2|   32|         64|
    |mux_case_31903_reg_3600   |   9|          2|   32|         64|
    |mux_case_31920_reg_3440   |   9|          2|   32|         64|
    |mux_case_31937_reg_3280   |   9|          2|   32|         64|
    |mux_case_31954_reg_3120   |   9|          2|   32|         64|
    |mux_case_31971_reg_2960   |   9|          2|   32|         64|
    |mux_case_31988_reg_2800   |   9|          2|   32|         64|
    |mux_case_32005_reg_2640   |   9|          2|   32|         64|
    |mux_case_32022_reg_2480   |   9|          2|   32|         64|
    |mux_case_32039_reg_2320   |   9|          2|   32|         64|
    |mux_case_32056_reg_2160   |   9|          2|   32|         64|
    |mux_case_32073_reg_2000   |   9|          2|   32|         64|
    |mux_case_32090_reg_1840   |   9|          2|   32|         64|
    |mux_case_32107_reg_1680   |   9|          2|   32|         64|
    |mux_case_32124_reg_1520   |   9|          2|   32|         64|
    |mux_case_3_reg_3920       |   9|          2|   32|         64|
    |mux_case_41887_reg_3750   |   9|          2|   32|         64|
    |mux_case_41904_reg_3590   |   9|          2|   32|         64|
    |mux_case_41921_reg_3430   |   9|          2|   32|         64|
    |mux_case_41938_reg_3270   |   9|          2|   32|         64|
    |mux_case_41955_reg_3110   |   9|          2|   32|         64|
    |mux_case_41972_reg_2950   |   9|          2|   32|         64|
    |mux_case_41989_reg_2790   |   9|          2|   32|         64|
    |mux_case_42006_reg_2630   |   9|          2|   32|         64|
    |mux_case_42023_reg_2470   |   9|          2|   32|         64|
    |mux_case_42040_reg_2310   |   9|          2|   32|         64|
    |mux_case_42057_reg_2150   |   9|          2|   32|         64|
    |mux_case_42074_reg_1990   |   9|          2|   32|         64|
    |mux_case_42091_reg_1830   |   9|          2|   32|         64|
    |mux_case_42108_reg_1670   |   9|          2|   32|         64|
    |mux_case_42125_reg_1510   |   9|          2|   32|         64|
    |mux_case_4_reg_3910       |   9|          2|   32|         64|
    |mux_case_51888_reg_3740   |   9|          2|   32|         64|
    |mux_case_51905_reg_3580   |   9|          2|   32|         64|
    |mux_case_51922_reg_3420   |   9|          2|   32|         64|
    |mux_case_51939_reg_3260   |   9|          2|   32|         64|
    |mux_case_51956_reg_3100   |   9|          2|   32|         64|
    |mux_case_51973_reg_2940   |   9|          2|   32|         64|
    |mux_case_51990_reg_2780   |   9|          2|   32|         64|
    |mux_case_52007_reg_2620   |   9|          2|   32|         64|
    |mux_case_52024_reg_2460   |   9|          2|   32|         64|
    |mux_case_52041_reg_2300   |   9|          2|   32|         64|
    |mux_case_52058_reg_2140   |   9|          2|   32|         64|
    |mux_case_52075_reg_1980   |   9|          2|   32|         64|
    |mux_case_52092_reg_1820   |   9|          2|   32|         64|
    |mux_case_52109_reg_1660   |   9|          2|   32|         64|
    |mux_case_52126_reg_1500   |   9|          2|   32|         64|
    |mux_case_5_reg_3900       |   9|          2|   32|         64|
    |mux_case_61889_reg_3730   |   9|          2|   32|         64|
    |mux_case_61906_reg_3570   |   9|          2|   32|         64|
    |mux_case_61923_reg_3410   |   9|          2|   32|         64|
    |mux_case_61940_reg_3250   |   9|          2|   32|         64|
    |mux_case_61957_reg_3090   |   9|          2|   32|         64|
    |mux_case_61974_reg_2930   |   9|          2|   32|         64|
    |mux_case_61991_reg_2770   |   9|          2|   32|         64|
    |mux_case_62008_reg_2610   |   9|          2|   32|         64|
    |mux_case_62025_reg_2450   |   9|          2|   32|         64|
    |mux_case_62042_reg_2290   |   9|          2|   32|         64|
    |mux_case_62059_reg_2130   |   9|          2|   32|         64|
    |mux_case_62076_reg_1970   |   9|          2|   32|         64|
    |mux_case_62093_reg_1810   |   9|          2|   32|         64|
    |mux_case_62110_reg_1650   |   9|          2|   32|         64|
    |mux_case_62127_reg_1490   |   9|          2|   32|         64|
    |mux_case_6_reg_3890       |   9|          2|   32|         64|
    |mux_case_71890_reg_3720   |   9|          2|   32|         64|
    |mux_case_71907_reg_3560   |   9|          2|   32|         64|
    |mux_case_71924_reg_3400   |   9|          2|   32|         64|
    |mux_case_71941_reg_3240   |   9|          2|   32|         64|
    |mux_case_71958_reg_3080   |   9|          2|   32|         64|
    |mux_case_71975_reg_2920   |   9|          2|   32|         64|
    |mux_case_71992_reg_2760   |   9|          2|   32|         64|
    |mux_case_72009_reg_2600   |   9|          2|   32|         64|
    |mux_case_72026_reg_2440   |   9|          2|   32|         64|
    |mux_case_72043_reg_2280   |   9|          2|   32|         64|
    |mux_case_72060_reg_2120   |   9|          2|   32|         64|
    |mux_case_72077_reg_1960   |   9|          2|   32|         64|
    |mux_case_72094_reg_1800   |   9|          2|   32|         64|
    |mux_case_72111_reg_1640   |   9|          2|   32|         64|
    |mux_case_72128_reg_1480   |   9|          2|   32|         64|
    |mux_case_7_reg_3880       |   9|          2|   32|         64|
    |mux_case_81891_reg_3710   |   9|          2|   32|         64|
    |mux_case_81908_reg_3550   |   9|          2|   32|         64|
    |mux_case_81925_reg_3390   |   9|          2|   32|         64|
    |mux_case_81942_reg_3230   |   9|          2|   32|         64|
    |mux_case_81959_reg_3070   |   9|          2|   32|         64|
    |mux_case_81976_reg_2910   |   9|          2|   32|         64|
    |mux_case_81993_reg_2750   |   9|          2|   32|         64|
    |mux_case_82010_reg_2590   |   9|          2|   32|         64|
    |mux_case_82027_reg_2430   |   9|          2|   32|         64|
    |mux_case_82044_reg_2270   |   9|          2|   32|         64|
    |mux_case_82061_reg_2110   |   9|          2|   32|         64|
    |mux_case_82078_reg_1950   |   9|          2|   32|         64|
    |mux_case_82095_reg_1790   |   9|          2|   32|         64|
    |mux_case_82112_reg_1630   |   9|          2|   32|         64|
    |mux_case_82129_reg_1470   |   9|          2|   32|         64|
    |mux_case_8_reg_3870       |   9|          2|   32|         64|
    |mux_case_91892_reg_3700   |   9|          2|   32|         64|
    |mux_case_91909_reg_3540   |   9|          2|   32|         64|
    |mux_case_91926_reg_3380   |   9|          2|   32|         64|
    |mux_case_91943_reg_3220   |   9|          2|   32|         64|
    |mux_case_91960_reg_3060   |   9|          2|   32|         64|
    |mux_case_91977_reg_2900   |   9|          2|   32|         64|
    |mux_case_91994_reg_2740   |   9|          2|   32|         64|
    |mux_case_92011_reg_2580   |   9|          2|   32|         64|
    |mux_case_92028_reg_2420   |   9|          2|   32|         64|
    |mux_case_92045_reg_2260   |   9|          2|   32|         64|
    |mux_case_92062_reg_2100   |   9|          2|   32|         64|
    |mux_case_92079_reg_1940   |   9|          2|   32|         64|
    |mux_case_92096_reg_1780   |   9|          2|   32|         64|
    |mux_case_92113_reg_1620   |   9|          2|   32|         64|
    |mux_case_92130_reg_1460   |   9|          2|   32|         64|
    |mux_case_9_reg_3860       |   9|          2|   32|         64|
    +--------------------------+----+-----------+-----+-----------+
    |Total                     |3736|        821| 8588|      17539|
    +--------------------------+----+-----------+-----+-----------+

    * Register: 
    +---------------------------------------------------+----+----+-----+-----------+
    |                        Name                       | FF | LUT| Bits| Const Bits|
    +---------------------------------------------------+----+----+-----+-----------+
    |a_read_reg_7731                                    |  64|   0|   64|          0|
    |ap_CS_fsm                                          |  12|   0|   12|          0|
    |ap_done_reg                                        |   1|   0|    1|          0|
    |ap_rst_n_inv                                       |   1|   0|    1|          0|
    |ap_rst_reg_1                                       |   1|   0|    1|          0|
    |ap_rst_reg_2                                       |   1|   0|    1|          0|
    |b_read_reg_7726                                    |  64|   0|   64|          0|
    |c_read_reg_7720                                    |  64|   0|   64|          0|
    |cmp69_10_not_reg_7943                              |   1|   0|    1|          0|
    |cmp69_11_not_reg_7948                              |   1|   0|    1|          0|
    |cmp69_12_not_reg_7953                              |   1|   0|    1|          0|
    |cmp69_13_not_reg_7958                              |   1|   0|    1|          0|
    |cmp69_14_not_reg_7963                              |   1|   0|    1|          0|
    |cmp69_2_not_reg_7903                               |   1|   0|    1|          0|
    |cmp69_4_not_reg_7913                               |   1|   0|    1|          0|
    |cmp69_5_not_reg_7918                               |   1|   0|    1|          0|
    |cmp69_6_not_reg_7923                               |   1|   0|    1|          0|
    |cmp69_8_not_reg_7933                               |   1|   0|    1|          0|
    |cmp69_9_not_reg_7938                               |   1|   0|    1|          0|
    |cmp69_not_reg_7813                                 |   1|   0|    1|          0|
    |cmp81_10227_reg_7868                               |   1|   0|    1|          0|
    |cmp81_11248_reg_7873                               |   1|   0|    1|          0|
    |cmp81_12269_reg_7878                               |   1|   0|    1|          0|
    |cmp81_13290_reg_7883                               |   1|   0|    1|          0|
    |cmp81_14311_reg_7888                               |   1|   0|    1|          0|
    |cmp81_259_reg_7828                                 |   1|   0|    1|          0|
    |cmp81_4101_reg_7838                                |   1|   0|    1|          0|
    |cmp81_5122_reg_7843                                |   1|   0|    1|          0|
    |cmp81_6143_reg_7848                                |   1|   0|    1|          0|
    |cmp81_8185_reg_7858                                |   1|   0|    1|          0|
    |cmp81_9206_reg_7863                                |   1|   0|    1|          0|
    |cmp81_reg_7818                                     |   1|   0|    1|          0|
    |grp_mmult_Pipeline_init_fu_3960_ap_start_reg       |   1|   0|    1|          0|
    |grp_mmult_Pipeline_readA_fu_3980_ap_start_reg      |   1|   0|    1|          0|
    |grp_mmult_Pipeline_readB_fu_4006_ap_start_reg      |   1|   0|    1|          0|
    |grp_mmult_Pipeline_systolic1_fu_4032_ap_start_reg  |   1|   0|    1|          0|
    |grp_mmult_Pipeline_writeC_fu_4373_ap_start_reg     |   1|   0|    1|          0|
    |icmp13_reg_7833                                    |   1|   0|    1|          0|
    |icmp16_reg_7853                                    |   1|   0|    1|          0|
    |icmp19_reg_7893                                    |   1|   0|    1|          0|
    |icmp22_reg_7898                                    |   1|   0|    1|          0|
    |icmp25_reg_7908                                    |   1|   0|    1|          0|
    |icmp28_reg_7928                                    |   1|   0|    1|          0|
    |icmp31_reg_7968                                    |   1|   0|    1|          0|
    |icmp_ln86_reg_7804                                 |   1|   0|    1|          0|
    |icmp_reg_7823                                      |   1|   0|    1|          0|
    |mul108_reg_8741                                    |  32|   0|   32|          0|
    |mul32_reg_7746                                     |  32|   0|   32|          0|
    |mul_reg_7736                                       |  32|   0|   32|          0|
    |mux_case_01883_reg_3790                            |  32|   0|   32|          0|
    |mux_case_01900_reg_3630                            |  32|   0|   32|          0|
    |mux_case_01917_reg_3470                            |  32|   0|   32|          0|
    |mux_case_01934_reg_3310                            |  32|   0|   32|          0|
    |mux_case_01951_reg_3150                            |  32|   0|   32|          0|
    |mux_case_01968_reg_2990                            |  32|   0|   32|          0|
    |mux_case_01985_reg_2830                            |  32|   0|   32|          0|
    |mux_case_02002_reg_2670                            |  32|   0|   32|          0|
    |mux_case_02019_reg_2510                            |  32|   0|   32|          0|
    |mux_case_02036_reg_2350                            |  32|   0|   32|          0|
    |mux_case_02053_reg_2190                            |  32|   0|   32|          0|
    |mux_case_02070_reg_2030                            |  32|   0|   32|          0|
    |mux_case_02087_reg_1870                            |  32|   0|   32|          0|
    |mux_case_02104_reg_1710                            |  32|   0|   32|          0|
    |mux_case_02121_reg_1550                            |  32|   0|   32|          0|
    |mux_case_0_reg_3950                                |  32|   0|   32|          0|
    |mux_case_101893_reg_3690                           |  32|   0|   32|          0|
    |mux_case_101910_reg_3530                           |  32|   0|   32|          0|
    |mux_case_101927_reg_3370                           |  32|   0|   32|          0|
    |mux_case_101944_reg_3210                           |  32|   0|   32|          0|
    |mux_case_101961_reg_3050                           |  32|   0|   32|          0|
    |mux_case_101978_reg_2890                           |  32|   0|   32|          0|
    |mux_case_101995_reg_2730                           |  32|   0|   32|          0|
    |mux_case_102012_reg_2570                           |  32|   0|   32|          0|
    |mux_case_102029_reg_2410                           |  32|   0|   32|          0|
    |mux_case_102046_reg_2250                           |  32|   0|   32|          0|
    |mux_case_102063_reg_2090                           |  32|   0|   32|          0|
    |mux_case_102080_reg_1930                           |  32|   0|   32|          0|
    |mux_case_102097_reg_1770                           |  32|   0|   32|          0|
    |mux_case_102114_reg_1610                           |  32|   0|   32|          0|
    |mux_case_102131_reg_1450                           |  32|   0|   32|          0|
    |mux_case_10_reg_3850                               |  32|   0|   32|          0|
    |mux_case_111894_reg_3680                           |  32|   0|   32|          0|
    |mux_case_111911_reg_3520                           |  32|   0|   32|          0|
    |mux_case_111928_reg_3360                           |  32|   0|   32|          0|
    |mux_case_111945_reg_3200                           |  32|   0|   32|          0|
    |mux_case_111962_reg_3040                           |  32|   0|   32|          0|
    |mux_case_111979_reg_2880                           |  32|   0|   32|          0|
    |mux_case_111996_reg_2720                           |  32|   0|   32|          0|
    |mux_case_112013_reg_2560                           |  32|   0|   32|          0|
    |mux_case_112030_reg_2400                           |  32|   0|   32|          0|
    |mux_case_112047_reg_2240                           |  32|   0|   32|          0|
    |mux_case_112064_reg_2080                           |  32|   0|   32|          0|
    |mux_case_112081_reg_1920                           |  32|   0|   32|          0|
    |mux_case_112098_reg_1760                           |  32|   0|   32|          0|
    |mux_case_112115_reg_1600                           |  32|   0|   32|          0|
    |mux_case_112132_reg_1440                           |  32|   0|   32|          0|
    |mux_case_11884_reg_3780                            |  32|   0|   32|          0|
    |mux_case_11901_reg_3620                            |  32|   0|   32|          0|
    |mux_case_11918_reg_3460                            |  32|   0|   32|          0|
    |mux_case_11935_reg_3300                            |  32|   0|   32|          0|
    |mux_case_11952_reg_3140                            |  32|   0|   32|          0|
    |mux_case_11969_reg_2980                            |  32|   0|   32|          0|
    |mux_case_11986_reg_2820                            |  32|   0|   32|          0|
    |mux_case_11_reg_3840                               |  32|   0|   32|          0|
    |mux_case_12003_reg_2660                            |  32|   0|   32|          0|
    |mux_case_12020_reg_2500                            |  32|   0|   32|          0|
    |mux_case_12037_reg_2340                            |  32|   0|   32|          0|
    |mux_case_12054_reg_2180                            |  32|   0|   32|          0|
    |mux_case_12071_reg_2020                            |  32|   0|   32|          0|
    |mux_case_12088_reg_1860                            |  32|   0|   32|          0|
    |mux_case_12105_reg_1700                            |  32|   0|   32|          0|
    |mux_case_12122_reg_1540                            |  32|   0|   32|          0|
    |mux_case_121895_reg_3670                           |  32|   0|   32|          0|
    |mux_case_121912_reg_3510                           |  32|   0|   32|          0|
    |mux_case_121929_reg_3350                           |  32|   0|   32|          0|
    |mux_case_121946_reg_3190                           |  32|   0|   32|          0|
    |mux_case_121963_reg_3030                           |  32|   0|   32|          0|
    |mux_case_121980_reg_2870                           |  32|   0|   32|          0|
    |mux_case_121997_reg_2710                           |  32|   0|   32|          0|
    |mux_case_122014_reg_2550                           |  32|   0|   32|          0|
    |mux_case_122031_reg_2390                           |  32|   0|   32|          0|
    |mux_case_122048_reg_2230                           |  32|   0|   32|          0|
    |mux_case_122065_reg_2070                           |  32|   0|   32|          0|
    |mux_case_122082_reg_1910                           |  32|   0|   32|          0|
    |mux_case_122099_reg_1750                           |  32|   0|   32|          0|
    |mux_case_122116_reg_1590                           |  32|   0|   32|          0|
    |mux_case_122133_reg_1430                           |  32|   0|   32|          0|
    |mux_case_12_reg_3830                               |  32|   0|   32|          0|
    |mux_case_131896_reg_3660                           |  32|   0|   32|          0|
    |mux_case_131913_reg_3500                           |  32|   0|   32|          0|
    |mux_case_131930_reg_3340                           |  32|   0|   32|          0|
    |mux_case_131947_reg_3180                           |  32|   0|   32|          0|
    |mux_case_131964_reg_3020                           |  32|   0|   32|          0|
    |mux_case_131981_reg_2860                           |  32|   0|   32|          0|
    |mux_case_131998_reg_2700                           |  32|   0|   32|          0|
    |mux_case_132015_reg_2540                           |  32|   0|   32|          0|
    |mux_case_132032_reg_2380                           |  32|   0|   32|          0|
    |mux_case_132049_reg_2220                           |  32|   0|   32|          0|
    |mux_case_132066_reg_2060                           |  32|   0|   32|          0|
    |mux_case_132083_reg_1900                           |  32|   0|   32|          0|
    |mux_case_132100_reg_1740                           |  32|   0|   32|          0|
    |mux_case_132117_reg_1580                           |  32|   0|   32|          0|
    |mux_case_132134_reg_1420                           |  32|   0|   32|          0|
    |mux_case_13_reg_3820                               |  32|   0|   32|          0|
    |mux_case_141897_reg_3650                           |  32|   0|   32|          0|
    |mux_case_141914_reg_3490                           |  32|   0|   32|          0|
    |mux_case_141931_reg_3330                           |  32|   0|   32|          0|
    |mux_case_141948_reg_3170                           |  32|   0|   32|          0|
    |mux_case_141965_reg_3010                           |  32|   0|   32|          0|
    |mux_case_141982_reg_2850                           |  32|   0|   32|          0|
    |mux_case_141999_reg_2690                           |  32|   0|   32|          0|
    |mux_case_142016_reg_2530                           |  32|   0|   32|          0|
    |mux_case_142033_reg_2370                           |  32|   0|   32|          0|
    |mux_case_142050_reg_2210                           |  32|   0|   32|          0|
    |mux_case_142067_reg_2050                           |  32|   0|   32|          0|
    |mux_case_142084_reg_1890                           |  32|   0|   32|          0|
    |mux_case_142101_reg_1730                           |  32|   0|   32|          0|
    |mux_case_142118_reg_1570                           |  32|   0|   32|          0|
    |mux_case_142135_reg_1410                           |  32|   0|   32|          0|
    |mux_case_14_reg_3810                               |  32|   0|   32|          0|
    |mux_case_151898_reg_3640                           |  32|   0|   32|          0|
    |mux_case_151915_reg_3480                           |  32|   0|   32|          0|
    |mux_case_151932_reg_3320                           |  32|   0|   32|          0|
    |mux_case_151949_reg_3160                           |  32|   0|   32|          0|
    |mux_case_151966_reg_3000                           |  32|   0|   32|          0|
    |mux_case_151983_reg_2840                           |  32|   0|   32|          0|
    |mux_case_152000_reg_2680                           |  32|   0|   32|          0|
    |mux_case_152017_reg_2520                           |  32|   0|   32|          0|
    |mux_case_152034_reg_2360                           |  32|   0|   32|          0|
    |mux_case_152051_reg_2200                           |  32|   0|   32|          0|
    |mux_case_152068_reg_2040                           |  32|   0|   32|          0|
    |mux_case_152085_reg_1880                           |  32|   0|   32|          0|
    |mux_case_152102_reg_1720                           |  32|   0|   32|          0|
    |mux_case_152119_reg_1560                           |  32|   0|   32|          0|
    |mux_case_152136_reg_1400                           |  32|   0|   32|          0|
    |mux_case_15_reg_3800                               |  32|   0|   32|          0|
    |mux_case_1_reg_3940                                |  32|   0|   32|          0|
    |mux_case_21885_reg_3770                            |  32|   0|   32|          0|
    |mux_case_21902_reg_3610                            |  32|   0|   32|          0|
    |mux_case_21919_reg_3450                            |  32|   0|   32|          0|
    |mux_case_21936_reg_3290                            |  32|   0|   32|          0|
    |mux_case_21953_reg_3130                            |  32|   0|   32|          0|
    |mux_case_21970_reg_2970                            |  32|   0|   32|          0|
    |mux_case_21987_reg_2810                            |  32|   0|   32|          0|
    |mux_case_22004_reg_2650                            |  32|   0|   32|          0|
    |mux_case_22021_reg_2490                            |  32|   0|   32|          0|
    |mux_case_22038_reg_2330                            |  32|   0|   32|          0|
    |mux_case_22055_reg_2170                            |  32|   0|   32|          0|
    |mux_case_22072_reg_2010                            |  32|   0|   32|          0|
    |mux_case_22089_reg_1850                            |  32|   0|   32|          0|
    |mux_case_22106_reg_1690                            |  32|   0|   32|          0|
    |mux_case_22123_reg_1530                            |  32|   0|   32|          0|
    |mux_case_2_reg_3930                                |  32|   0|   32|          0|
    |mux_case_31886_reg_3760                            |  32|   0|   32|          0|
    |mux_case_31903_reg_3600                            |  32|   0|   32|          0|
    |mux_case_31920_reg_3440                            |  32|   0|   32|          0|
    |mux_case_31937_reg_3280                            |  32|   0|   32|          0|
    |mux_case_31954_reg_3120                            |  32|   0|   32|          0|
    |mux_case_31971_reg_2960                            |  32|   0|   32|          0|
    |mux_case_31988_reg_2800                            |  32|   0|   32|          0|
    |mux_case_32005_reg_2640                            |  32|   0|   32|          0|
    |mux_case_32022_reg_2480                            |  32|   0|   32|          0|
    |mux_case_32039_reg_2320                            |  32|   0|   32|          0|
    |mux_case_32056_reg_2160                            |  32|   0|   32|          0|
    |mux_case_32073_reg_2000                            |  32|   0|   32|          0|
    |mux_case_32090_reg_1840                            |  32|   0|   32|          0|
    |mux_case_32107_reg_1680                            |  32|   0|   32|          0|
    |mux_case_32124_reg_1520                            |  32|   0|   32|          0|
    |mux_case_3_reg_3920                                |  32|   0|   32|          0|
    |mux_case_41887_reg_3750                            |  32|   0|   32|          0|
    |mux_case_41904_reg_3590                            |  32|   0|   32|          0|
    |mux_case_41921_reg_3430                            |  32|   0|   32|          0|
    |mux_case_41938_reg_3270                            |  32|   0|   32|          0|
    |mux_case_41955_reg_3110                            |  32|   0|   32|          0|
    |mux_case_41972_reg_2950                            |  32|   0|   32|          0|
    |mux_case_41989_reg_2790                            |  32|   0|   32|          0|
    |mux_case_42006_reg_2630                            |  32|   0|   32|          0|
    |mux_case_42023_reg_2470                            |  32|   0|   32|          0|
    |mux_case_42040_reg_2310                            |  32|   0|   32|          0|
    |mux_case_42057_reg_2150                            |  32|   0|   32|          0|
    |mux_case_42074_reg_1990                            |  32|   0|   32|          0|
    |mux_case_42091_reg_1830                            |  32|   0|   32|          0|
    |mux_case_42108_reg_1670                            |  32|   0|   32|          0|
    |mux_case_42125_reg_1510                            |  32|   0|   32|          0|
    |mux_case_4_reg_3910                                |  32|   0|   32|          0|
    |mux_case_51888_reg_3740                            |  32|   0|   32|          0|
    |mux_case_51905_reg_3580                            |  32|   0|   32|          0|
    |mux_case_51922_reg_3420                            |  32|   0|   32|          0|
    |mux_case_51939_reg_3260                            |  32|   0|   32|          0|
    |mux_case_51956_reg_3100                            |  32|   0|   32|          0|
    |mux_case_51973_reg_2940                            |  32|   0|   32|          0|
    |mux_case_51990_reg_2780                            |  32|   0|   32|          0|
    |mux_case_52007_reg_2620                            |  32|   0|   32|          0|
    |mux_case_52024_reg_2460                            |  32|   0|   32|          0|
    |mux_case_52041_reg_2300                            |  32|   0|   32|          0|
    |mux_case_52058_reg_2140                            |  32|   0|   32|          0|
    |mux_case_52075_reg_1980                            |  32|   0|   32|          0|
    |mux_case_52092_reg_1820                            |  32|   0|   32|          0|
    |mux_case_52109_reg_1660                            |  32|   0|   32|          0|
    |mux_case_52126_reg_1500                            |  32|   0|   32|          0|
    |mux_case_5_reg_3900                                |  32|   0|   32|          0|
    |mux_case_61889_reg_3730                            |  32|   0|   32|          0|
    |mux_case_61906_reg_3570                            |  32|   0|   32|          0|
    |mux_case_61923_reg_3410                            |  32|   0|   32|          0|
    |mux_case_61940_reg_3250                            |  32|   0|   32|          0|
    |mux_case_61957_reg_3090                            |  32|   0|   32|          0|
    |mux_case_61974_reg_2930                            |  32|   0|   32|          0|
    |mux_case_61991_reg_2770                            |  32|   0|   32|          0|
    |mux_case_62008_reg_2610                            |  32|   0|   32|          0|
    |mux_case_62025_reg_2450                            |  32|   0|   32|          0|
    |mux_case_62042_reg_2290                            |  32|   0|   32|          0|
    |mux_case_62059_reg_2130                            |  32|   0|   32|          0|
    |mux_case_62076_reg_1970                            |  32|   0|   32|          0|
    |mux_case_62093_reg_1810                            |  32|   0|   32|          0|
    |mux_case_62110_reg_1650                            |  32|   0|   32|          0|
    |mux_case_62127_reg_1490                            |  32|   0|   32|          0|
    |mux_case_6_reg_3890                                |  32|   0|   32|          0|
    |mux_case_71890_reg_3720                            |  32|   0|   32|          0|
    |mux_case_71907_reg_3560                            |  32|   0|   32|          0|
    |mux_case_71924_reg_3400                            |  32|   0|   32|          0|
    |mux_case_71941_reg_3240                            |  32|   0|   32|          0|
    |mux_case_71958_reg_3080                            |  32|   0|   32|          0|
    |mux_case_71975_reg_2920                            |  32|   0|   32|          0|
    |mux_case_71992_reg_2760                            |  32|   0|   32|          0|
    |mux_case_72009_reg_2600                            |  32|   0|   32|          0|
    |mux_case_72026_reg_2440                            |  32|   0|   32|          0|
    |mux_case_72043_reg_2280                            |  32|   0|   32|          0|
    |mux_case_72060_reg_2120                            |  32|   0|   32|          0|
    |mux_case_72077_reg_1960                            |  32|   0|   32|          0|
    |mux_case_72094_reg_1800                            |  32|   0|   32|          0|
    |mux_case_72111_reg_1640                            |  32|   0|   32|          0|
    |mux_case_72128_reg_1480                            |  32|   0|   32|          0|
    |mux_case_7_reg_3880                                |  32|   0|   32|          0|
    |mux_case_81891_reg_3710                            |  32|   0|   32|          0|
    |mux_case_81908_reg_3550                            |  32|   0|   32|          0|
    |mux_case_81925_reg_3390                            |  32|   0|   32|          0|
    |mux_case_81942_reg_3230                            |  32|   0|   32|          0|
    |mux_case_81959_reg_3070                            |  32|   0|   32|          0|
    |mux_case_81976_reg_2910                            |  32|   0|   32|          0|
    |mux_case_81993_reg_2750                            |  32|   0|   32|          0|
    |mux_case_82010_reg_2590                            |  32|   0|   32|          0|
    |mux_case_82027_reg_2430                            |  32|   0|   32|          0|
    |mux_case_82044_reg_2270                            |  32|   0|   32|          0|
    |mux_case_82061_reg_2110                            |  32|   0|   32|          0|
    |mux_case_82078_reg_1950                            |  32|   0|   32|          0|
    |mux_case_82095_reg_1790                            |  32|   0|   32|          0|
    |mux_case_82112_reg_1630                            |  32|   0|   32|          0|
    |mux_case_82129_reg_1470                            |  32|   0|   32|          0|
    |mux_case_8_reg_3870                                |  32|   0|   32|          0|
    |mux_case_91892_reg_3700                            |  32|   0|   32|          0|
    |mux_case_91909_reg_3540                            |  32|   0|   32|          0|
    |mux_case_91926_reg_3380                            |  32|   0|   32|          0|
    |mux_case_91943_reg_3220                            |  32|   0|   32|          0|
    |mux_case_91960_reg_3060                            |  32|   0|   32|          0|
    |mux_case_91977_reg_2900                            |  32|   0|   32|          0|
    |mux_case_91994_reg_2740                            |  32|   0|   32|          0|
    |mux_case_92011_reg_2580                            |  32|   0|   32|          0|
    |mux_case_92028_reg_2420                            |  32|   0|   32|          0|
    |mux_case_92045_reg_2260                            |  32|   0|   32|          0|
    |mux_case_92062_reg_2100                            |  32|   0|   32|          0|
    |mux_case_92079_reg_1940                            |  32|   0|   32|          0|
    |mux_case_92096_reg_1780                            |  32|   0|   32|          0|
    |mux_case_92113_reg_1620                            |  32|   0|   32|          0|
    |mux_case_92130_reg_1460                            |  32|   0|   32|          0|
    |mux_case_9_reg_3860                                |  32|   0|   32|          0|
    |trunc_ln119_1_reg_8746                             |  62|   0|   62|          0|
    |trunc_ln69_2_reg_7741                              |  62|   0|   62|          0|
    |trunc_ln81_2_reg_7751                              |  62|   0|   62|          0|
    |trunc_ln86_reg_7808                                |  31|   0|   31|          0|
    +---------------------------------------------------+----+----+-----+-----------+
    |Total                                              |8751|   0| 8751|          0|
    +---------------------------------------------------+----+----+-----+-----------+



================================================================
== Interface
================================================================
* Summary: 
+-----------------------+-----+-----+---------------+--------------+--------------+
|       RTL Ports       | Dir | Bits|    Protocol   | Source Object|    C Type    |
+-----------------------+-----+-----+---------------+--------------+--------------+
|s_axi_control_AWVALID  |   in|    1|          s_axi|       control|        scalar|
|s_axi_control_AWREADY  |  out|    1|          s_axi|       control|        scalar|
|s_axi_control_AWADDR   |   in|    7|          s_axi|       control|        scalar|
|s_axi_control_WVALID   |   in|    1|          s_axi|       control|        scalar|
|s_axi_control_WREADY   |  out|    1|          s_axi|       control|        scalar|
|s_axi_control_WDATA    |   in|   32|          s_axi|       control|        scalar|
|s_axi_control_WSTRB    |   in|    4|          s_axi|       control|        scalar|
|s_axi_control_ARVALID  |   in|    1|          s_axi|       control|        scalar|
|s_axi_control_ARREADY  |  out|    1|          s_axi|       control|        scalar|
|s_axi_control_ARADDR   |   in|    7|          s_axi|       control|        scalar|
|s_axi_control_RVALID   |  out|    1|          s_axi|       control|        scalar|
|s_axi_control_RREADY   |   in|    1|          s_axi|       control|        scalar|
|s_axi_control_RDATA    |  out|   32|          s_axi|       control|        scalar|
|s_axi_control_RRESP    |  out|    2|          s_axi|       control|        scalar|
|s_axi_control_BVALID   |  out|    1|          s_axi|       control|        scalar|
|s_axi_control_BREADY   |   in|    1|          s_axi|       control|        scalar|
|s_axi_control_BRESP    |  out|    2|          s_axi|       control|        scalar|
|ap_clk                 |   in|    1|  ap_ctrl_chain|         mmult|  return value|
|ap_rst_n               |   in|    1|  ap_ctrl_chain|         mmult|  return value|
|interrupt              |  out|    1|  ap_ctrl_chain|         mmult|  return value|
|m_axi_gmem0_AWVALID    |  out|    1|          m_axi|         gmem0|       pointer|
|m_axi_gmem0_AWREADY    |   in|    1|          m_axi|         gmem0|       pointer|
|m_axi_gmem0_AWADDR     |  out|   64|          m_axi|         gmem0|       pointer|
|m_axi_gmem0_AWID       |  out|    1|          m_axi|         gmem0|       pointer|
|m_axi_gmem0_AWLEN      |  out|    8|          m_axi|         gmem0|       pointer|
|m_axi_gmem0_AWSIZE     |  out|    3|          m_axi|         gmem0|       pointer|
|m_axi_gmem0_AWBURST    |  out|    2|          m_axi|         gmem0|       pointer|
|m_axi_gmem0_AWLOCK     |  out|    2|          m_axi|         gmem0|       pointer|
|m_axi_gmem0_AWCACHE    |  out|    4|          m_axi|         gmem0|       pointer|
|m_axi_gmem0_AWPROT     |  out|    3|          m_axi|         gmem0|       pointer|
|m_axi_gmem0_AWQOS      |  out|    4|          m_axi|         gmem0|       pointer|
|m_axi_gmem0_AWREGION   |  out|    4|          m_axi|         gmem0|       pointer|
|m_axi_gmem0_AWUSER     |  out|    1|          m_axi|         gmem0|       pointer|
|m_axi_gmem0_WVALID     |  out|    1|          m_axi|         gmem0|       pointer|
|m_axi_gmem0_WREADY     |   in|    1|          m_axi|         gmem0|       pointer|
|m_axi_gmem0_WDATA      |  out|   32|          m_axi|         gmem0|       pointer|
|m_axi_gmem0_WSTRB      |  out|    4|          m_axi|         gmem0|       pointer|
|m_axi_gmem0_WLAST      |  out|    1|          m_axi|         gmem0|       pointer|
|m_axi_gmem0_WID        |  out|    1|          m_axi|         gmem0|       pointer|
|m_axi_gmem0_WUSER      |  out|    1|          m_axi|         gmem0|       pointer|
|m_axi_gmem0_ARVALID    |  out|    1|          m_axi|         gmem0|       pointer|
|m_axi_gmem0_ARREADY    |   in|    1|          m_axi|         gmem0|       pointer|
|m_axi_gmem0_ARADDR     |  out|   64|          m_axi|         gmem0|       pointer|
|m_axi_gmem0_ARID       |  out|    1|          m_axi|         gmem0|       pointer|
|m_axi_gmem0_ARLEN      |  out|    8|          m_axi|         gmem0|       pointer|
|m_axi_gmem0_ARSIZE     |  out|    3|          m_axi|         gmem0|       pointer|
|m_axi_gmem0_ARBURST    |  out|    2|          m_axi|         gmem0|       pointer|
|m_axi_gmem0_ARLOCK     |  out|    2|          m_axi|         gmem0|       pointer|
|m_axi_gmem0_ARCACHE    |  out|    4|          m_axi|         gmem0|       pointer|
|m_axi_gmem0_ARPROT     |  out|    3|          m_axi|         gmem0|       pointer|
|m_axi_gmem0_ARQOS      |  out|    4|          m_axi|         gmem0|       pointer|
|m_axi_gmem0_ARREGION   |  out|    4|          m_axi|         gmem0|       pointer|
|m_axi_gmem0_ARUSER     |  out|    1|          m_axi|         gmem0|       pointer|
|m_axi_gmem0_RVALID     |   in|    1|          m_axi|         gmem0|       pointer|
|m_axi_gmem0_RREADY     |  out|    1|          m_axi|         gmem0|       pointer|
|m_axi_gmem0_RDATA      |   in|   32|          m_axi|         gmem0|       pointer|
|m_axi_gmem0_RLAST      |   in|    1|          m_axi|         gmem0|       pointer|
|m_axi_gmem0_RID        |   in|    1|          m_axi|         gmem0|       pointer|
|m_axi_gmem0_RUSER      |   in|    1|          m_axi|         gmem0|       pointer|
|m_axi_gmem0_RRESP      |   in|    2|          m_axi|         gmem0|       pointer|
|m_axi_gmem0_BVALID     |   in|    1|          m_axi|         gmem0|       pointer|
|m_axi_gmem0_BREADY     |  out|    1|          m_axi|         gmem0|       pointer|
|m_axi_gmem0_BRESP      |   in|    2|          m_axi|         gmem0|       pointer|
|m_axi_gmem0_BID        |   in|    1|          m_axi|         gmem0|       pointer|
|m_axi_gmem0_BUSER      |   in|    1|          m_axi|         gmem0|       pointer|
|m_axi_gmem1_AWVALID    |  out|    1|          m_axi|         gmem1|       pointer|
|m_axi_gmem1_AWREADY    |   in|    1|          m_axi|         gmem1|       pointer|
|m_axi_gmem1_AWADDR     |  out|   64|          m_axi|         gmem1|       pointer|
|m_axi_gmem1_AWID       |  out|    1|          m_axi|         gmem1|       pointer|
|m_axi_gmem1_AWLEN      |  out|    8|          m_axi|         gmem1|       pointer|
|m_axi_gmem1_AWSIZE     |  out|    3|          m_axi|         gmem1|       pointer|
|m_axi_gmem1_AWBURST    |  out|    2|          m_axi|         gmem1|       pointer|
|m_axi_gmem1_AWLOCK     |  out|    2|          m_axi|         gmem1|       pointer|
|m_axi_gmem1_AWCACHE    |  out|    4|          m_axi|         gmem1|       pointer|
|m_axi_gmem1_AWPROT     |  out|    3|          m_axi|         gmem1|       pointer|
|m_axi_gmem1_AWQOS      |  out|    4|          m_axi|         gmem1|       pointer|
|m_axi_gmem1_AWREGION   |  out|    4|          m_axi|         gmem1|       pointer|
|m_axi_gmem1_AWUSER     |  out|    1|          m_axi|         gmem1|       pointer|
|m_axi_gmem1_WVALID     |  out|    1|          m_axi|         gmem1|       pointer|
|m_axi_gmem1_WREADY     |   in|    1|          m_axi|         gmem1|       pointer|
|m_axi_gmem1_WDATA      |  out|   32|          m_axi|         gmem1|       pointer|
|m_axi_gmem1_WSTRB      |  out|    4|          m_axi|         gmem1|       pointer|
|m_axi_gmem1_WLAST      |  out|    1|          m_axi|         gmem1|       pointer|
|m_axi_gmem1_WID        |  out|    1|          m_axi|         gmem1|       pointer|
|m_axi_gmem1_WUSER      |  out|    1|          m_axi|         gmem1|       pointer|
|m_axi_gmem1_ARVALID    |  out|    1|          m_axi|         gmem1|       pointer|
|m_axi_gmem1_ARREADY    |   in|    1|          m_axi|         gmem1|       pointer|
|m_axi_gmem1_ARADDR     |  out|   64|          m_axi|         gmem1|       pointer|
|m_axi_gmem1_ARID       |  out|    1|          m_axi|         gmem1|       pointer|
|m_axi_gmem1_ARLEN      |  out|    8|          m_axi|         gmem1|       pointer|
|m_axi_gmem1_ARSIZE     |  out|    3|          m_axi|         gmem1|       pointer|
|m_axi_gmem1_ARBURST    |  out|    2|          m_axi|         gmem1|       pointer|
|m_axi_gmem1_ARLOCK     |  out|    2|          m_axi|         gmem1|       pointer|
|m_axi_gmem1_ARCACHE    |  out|    4|          m_axi|         gmem1|       pointer|
|m_axi_gmem1_ARPROT     |  out|    3|          m_axi|         gmem1|       pointer|
|m_axi_gmem1_ARQOS      |  out|    4|          m_axi|         gmem1|       pointer|
|m_axi_gmem1_ARREGION   |  out|    4|          m_axi|         gmem1|       pointer|
|m_axi_gmem1_ARUSER     |  out|    1|          m_axi|         gmem1|       pointer|
|m_axi_gmem1_RVALID     |   in|    1|          m_axi|         gmem1|       pointer|
|m_axi_gmem1_RREADY     |  out|    1|          m_axi|         gmem1|       pointer|
|m_axi_gmem1_RDATA      |   in|   32|          m_axi|         gmem1|       pointer|
|m_axi_gmem1_RLAST      |   in|    1|          m_axi|         gmem1|       pointer|
|m_axi_gmem1_RID        |   in|    1|          m_axi|         gmem1|       pointer|
|m_axi_gmem1_RUSER      |   in|    1|          m_axi|         gmem1|       pointer|
|m_axi_gmem1_RRESP      |   in|    2|          m_axi|         gmem1|       pointer|
|m_axi_gmem1_BVALID     |   in|    1|          m_axi|         gmem1|       pointer|
|m_axi_gmem1_BREADY     |  out|    1|          m_axi|         gmem1|       pointer|
|m_axi_gmem1_BRESP      |   in|    2|          m_axi|         gmem1|       pointer|
|m_axi_gmem1_BID        |   in|    1|          m_axi|         gmem1|       pointer|
|m_axi_gmem1_BUSER      |   in|    1|          m_axi|         gmem1|       pointer|
|m_axi_gmem2_AWVALID    |  out|    1|          m_axi|         gmem2|       pointer|
|m_axi_gmem2_AWREADY    |   in|    1|          m_axi|         gmem2|       pointer|
|m_axi_gmem2_AWADDR     |  out|   64|          m_axi|         gmem2|       pointer|
|m_axi_gmem2_AWID       |  out|    1|          m_axi|         gmem2|       pointer|
|m_axi_gmem2_AWLEN      |  out|    8|          m_axi|         gmem2|       pointer|
|m_axi_gmem2_AWSIZE     |  out|    3|          m_axi|         gmem2|       pointer|
|m_axi_gmem2_AWBURST    |  out|    2|          m_axi|         gmem2|       pointer|
|m_axi_gmem2_AWLOCK     |  out|    2|          m_axi|         gmem2|       pointer|
|m_axi_gmem2_AWCACHE    |  out|    4|          m_axi|         gmem2|       pointer|
|m_axi_gmem2_AWPROT     |  out|    3|          m_axi|         gmem2|       pointer|
|m_axi_gmem2_AWQOS      |  out|    4|          m_axi|         gmem2|       pointer|
|m_axi_gmem2_AWREGION   |  out|    4|          m_axi|         gmem2|       pointer|
|m_axi_gmem2_AWUSER     |  out|    1|          m_axi|         gmem2|       pointer|
|m_axi_gmem2_WVALID     |  out|    1|          m_axi|         gmem2|       pointer|
|m_axi_gmem2_WREADY     |   in|    1|          m_axi|         gmem2|       pointer|
|m_axi_gmem2_WDATA      |  out|   32|          m_axi|         gmem2|       pointer|
|m_axi_gmem2_WSTRB      |  out|    4|          m_axi|         gmem2|       pointer|
|m_axi_gmem2_WLAST      |  out|    1|          m_axi|         gmem2|       pointer|
|m_axi_gmem2_WID        |  out|    1|          m_axi|         gmem2|       pointer|
|m_axi_gmem2_WUSER      |  out|    1|          m_axi|         gmem2|       pointer|
|m_axi_gmem2_ARVALID    |  out|    1|          m_axi|         gmem2|       pointer|
|m_axi_gmem2_ARREADY    |   in|    1|          m_axi|         gmem2|       pointer|
|m_axi_gmem2_ARADDR     |  out|   64|          m_axi|         gmem2|       pointer|
|m_axi_gmem2_ARID       |  out|    1|          m_axi|         gmem2|       pointer|
|m_axi_gmem2_ARLEN      |  out|    8|          m_axi|         gmem2|       pointer|
|m_axi_gmem2_ARSIZE     |  out|    3|          m_axi|         gmem2|       pointer|
|m_axi_gmem2_ARBURST    |  out|    2|          m_axi|         gmem2|       pointer|
|m_axi_gmem2_ARLOCK     |  out|    2|          m_axi|         gmem2|       pointer|
|m_axi_gmem2_ARCACHE    |  out|    4|          m_axi|         gmem2|       pointer|
|m_axi_gmem2_ARPROT     |  out|    3|          m_axi|         gmem2|       pointer|
|m_axi_gmem2_ARQOS      |  out|    4|          m_axi|         gmem2|       pointer|
|m_axi_gmem2_ARREGION   |  out|    4|          m_axi|         gmem2|       pointer|
|m_axi_gmem2_ARUSER     |  out|    1|          m_axi|         gmem2|       pointer|
|m_axi_gmem2_RVALID     |   in|    1|          m_axi|         gmem2|       pointer|
|m_axi_gmem2_RREADY     |  out|    1|          m_axi|         gmem2|       pointer|
|m_axi_gmem2_RDATA      |   in|   32|          m_axi|         gmem2|       pointer|
|m_axi_gmem2_RLAST      |   in|    1|          m_axi|         gmem2|       pointer|
|m_axi_gmem2_RID        |   in|    1|          m_axi|         gmem2|       pointer|
|m_axi_gmem2_RUSER      |   in|    1|          m_axi|         gmem2|       pointer|
|m_axi_gmem2_RRESP      |   in|    2|          m_axi|         gmem2|       pointer|
|m_axi_gmem2_BVALID     |   in|    1|          m_axi|         gmem2|       pointer|
|m_axi_gmem2_BREADY     |  out|    1|          m_axi|         gmem2|       pointer|
|m_axi_gmem2_BRESP      |   in|    2|          m_axi|         gmem2|       pointer|
|m_axi_gmem2_BID        |   in|    1|          m_axi|         gmem2|       pointer|
|m_axi_gmem2_BUSER      |   in|    1|          m_axi|         gmem2|       pointer|
+-----------------------+-----+-----+---------------+--------------+--------------+

