
Memory Configuration

Name             Origin             Length             Attributes
vexriscv_debug   0x00000000f00f0000 0x0000000000000100
dff              0x0000000000000000 0x0000000000000400
dff2             0x0000000000000400 0x0000000000000200
flash            0x0000000010000000 0x0000000001000000
mprj             0x0000000030000000 0x0000000000100000
mprjram          0x0000000038000000 0x0000000000400000
hk               0x0000000026000000 0x0000000000100000
csr              0x00000000f0000000 0x0000000000010000
*default*        0x0000000000000000 0xffffffffffffffff

Linker script and memory map

                0x0000000000000000                __DYNAMIC = 0x0

.text           0x0000000010000000      0x1f4
                0x0000000010000000                _ftext = .
 *crt0*(.text)
 .text          0x0000000010000000      0x148 counter_la_fir.elf-crt0_vex.o
                0x0000000010000000                _start
                0x0000000010000020                trap_entry
 *crt0*(.text)
 *(.text.isr)
                0x0000000010000148                _etext = .
 .text          0x0000000010000148       0x28 counter_la_fir.elf-isr.o
                0x0000000010000148                isr
 .text          0x0000000010000170        0x0 counter_la_fir.elf-fir.o
 .text          0x0000000010000170       0x84 counter_la_fir.elf-fir_control.o
                0x0000000010000170                putchar
                0x00000000100001ac                print

.rela.dyn       0x00000000100001f4        0x0
 .rela.text     0x00000000100001f4        0x0 counter_la_fir.elf-crt0_vex.o

.rodata         0x00000000100001f4        0x4
                0x00000000100001f8                . = ALIGN (0x8)
 *fill*         0x00000000100001f4        0x4 
                0x00000000100001f8                _frodata = .
 *(.rodata .rodata.* .gnu.linkonce.r.*)
 *(.rodata1)
                0x00000000100001f8                . = ALIGN (0x8)
                0x00000000100001f8                _erodata = .

.data           0x0000000000000000       0x30 load address 0x00000000100001f8
                0x0000000000000000                . = ALIGN (0x8)
                0x0000000000000000                _fdata = .
 *(.data .data.* .gnu.linkonce.d.*)
 .data          0x0000000000000000        0x0 counter_la_fir.elf-crt0_vex.o
 .data          0x0000000000000000        0x0 counter_la_fir.elf-isr.o
 .data          0x0000000000000000       0x2c counter_la_fir.elf-fir.o
                0x0000000000000000                taps
 .data          0x000000000000002c        0x0 counter_la_fir.elf-fir_control.o
 *(.data1)
                0x0000000000000030                _gp = ALIGN (0x10)
 *(.sdata .sdata.* .gnu.linkonce.s.*)
                0x0000000000000030                . = ALIGN (0x8)
 *fill*         0x000000000000002c        0x4 
                0x0000000000000030                _edata = .

.bss            0x0000000000000030      0x108 load address 0x0000000010000228
                0x0000000000000030                . = ALIGN (0x8)
                0x0000000000000030                _fbss = .
 *(.dynsbss)
 *(.sbss .sbss.* .gnu.linkonce.sb.*)
 .sbss          0x0000000000000030        0x2 counter_la_fir.elf-isr.o
                0x0000000000000030                flag
 *(.scommon)
 *(.dynbss)
 *(.bss .bss.* .gnu.linkonce.b.*)
 .bss           0x0000000000000032        0x0 counter_la_fir.elf-crt0_vex.o
 .bss           0x0000000000000032        0x0 counter_la_fir.elf-isr.o
 *fill*         0x0000000000000032        0x2 
 .bss           0x0000000000000034      0x100 counter_la_fir.elf-fir.o
                0x0000000000000034                outputsignal
 .bss           0x0000000000000134        0x0 counter_la_fir.elf-fir_control.o
 *(COMMON)
                0x0000000000000138                . = ALIGN (0x8)
 *fill*         0x0000000000000134        0x4 
                0x0000000000000138                _ebss = .
                0x0000000000000138                _end = .

.mprjram        0x0000000038000000      0x160 load address 0x0000000010000228
                0x0000000038000000                . = ALIGN (0x8)
                0x0000000038000000                _fsram = .
 *libgcc.a:*(.text .text.*)
 .mprjram       0x0000000038000000       0xdc counter_la_fir.elf-fir.o
                0x0000000038000000                initfir
                0x000000003800006c                fir_excute
 .mprjram       0x00000000380000dc       0x84 counter_la_fir.elf-fir_control.o
                0x00000000380000dc                main
                0x0000000000000600                PROVIDE (_fstack = (ORIGIN (dff2) + LENGTH (dff2)))
                0x00000000100001f8                PROVIDE (_fdata_rom = LOADADDR (.data))
                [!provide]                        PROVIDE (_edata_rom = (LOADADDR (.data) + SIZEOF (.data)))
                0x0000000038000160                PROVIDE (_esram = (ORIGIN (mprjram) + SIZEOF (.mprjram)))
                0x0000000010000228                PROVIDE (_esram_rom = LOADADDR (.mprjram))
LOAD counter_la_fir.elf-crt0_vex.o
LOAD counter_la_fir.elf-isr.o
LOAD counter_la_fir.elf-fir.o
LOAD counter_la_fir.elf-fir_control.o
LOAD /opt/riscv/lib/gcc/riscv32-unknown-elf/12.1.0/libgcc.a
START GROUP
LOAD /opt/riscv/lib/gcc/riscv32-unknown-elf/12.1.0/../../../../riscv32-unknown-elf/lib/libc.a
LOAD /opt/riscv/lib/gcc/riscv32-unknown-elf/12.1.0/../../../../riscv32-unknown-elf/lib/libgloss.a
END GROUP
LOAD /opt/riscv/lib/gcc/riscv32-unknown-elf/12.1.0/libgcc.a
OUTPUT(counter_la_fir.elf elf32-littleriscv)

.riscv.attributes
                0x0000000000000000       0x20
 .riscv.attributes
                0x0000000000000000       0x1e counter_la_fir.elf-crt0_vex.o
 .riscv.attributes
                0x000000000000001e       0x20 counter_la_fir.elf-isr.o
 .riscv.attributes
                0x000000000000003e       0x1c counter_la_fir.elf-fir.o
 .riscv.attributes
                0x000000000000005a       0x1c counter_la_fir.elf-fir_control.o

.comment        0x0000000000000000       0x1b
 .comment       0x0000000000000000       0x1b counter_la_fir.elf-isr.o
                                         0x1c (size before relaxing)
 .comment       0x000000000000001b       0x1c counter_la_fir.elf-fir.o
 .comment       0x000000000000001b       0x1c counter_la_fir.elf-fir_control.o

.debug_line     0x0000000000000000      0x9e8
 .debug_line    0x0000000000000000      0x204 counter_la_fir.elf-crt0_vex.o
 .debug_line    0x0000000000000204       0xb3 counter_la_fir.elf-isr.o
 .debug_line    0x00000000000002b7      0x35f counter_la_fir.elf-fir.o
 .debug_line    0x0000000000000616      0x3d2 counter_la_fir.elf-fir_control.o

.debug_line_str
                0x0000000000000000       0xe1
 .debug_line_str
                0x0000000000000000       0x5e counter_la_fir.elf-crt0_vex.o
 .debug_line_str
                0x000000000000005e       0x62 counter_la_fir.elf-isr.o
                                        0x105 (size before relaxing)
 .debug_line_str
                0x00000000000000c0        0xc counter_la_fir.elf-fir.o
                                         0xe3 (size before relaxing)
 .debug_line_str
                0x00000000000000cc       0x15 counter_la_fir.elf-fir_control.o
                                        0x10b (size before relaxing)

.debug_info     0x0000000000000000      0x3aa
 .debug_info    0x0000000000000000       0x25 counter_la_fir.elf-crt0_vex.o
 .debug_info    0x0000000000000025       0xdc counter_la_fir.elf-isr.o
 .debug_info    0x0000000000000101      0x111 counter_la_fir.elf-fir.o
 .debug_info    0x0000000000000212      0x198 counter_la_fir.elf-fir_control.o

.debug_abbrev   0x0000000000000000      0x2ac
 .debug_abbrev  0x0000000000000000       0x14 counter_la_fir.elf-crt0_vex.o
 .debug_abbrev  0x0000000000000014       0xa2 counter_la_fir.elf-isr.o
 .debug_abbrev  0x00000000000000b6       0xac counter_la_fir.elf-fir.o
 .debug_abbrev  0x0000000000000162      0x14a counter_la_fir.elf-fir_control.o

.debug_aranges  0x0000000000000000       0x90
 .debug_aranges
                0x0000000000000000       0x20 counter_la_fir.elf-crt0_vex.o
 .debug_aranges
                0x0000000000000020       0x20 counter_la_fir.elf-isr.o
 .debug_aranges
                0x0000000000000040       0x28 counter_la_fir.elf-fir.o
 .debug_aranges
                0x0000000000000068       0x28 counter_la_fir.elf-fir_control.o

.debug_str      0x0000000000000000      0x17b
 .debug_str     0x0000000000000000       0x6a counter_la_fir.elf-crt0_vex.o
 .debug_str     0x000000000000006a       0xd1 counter_la_fir.elf-isr.o
                                        0x10a (size before relaxing)
 .debug_str     0x000000000000013b       0x2d counter_la_fir.elf-fir.o
                                        0x118 (size before relaxing)
 .debug_str     0x0000000000000168       0x13 counter_la_fir.elf-fir_control.o
                                        0x116 (size before relaxing)

.debug_loclists
                0x0000000000000000      0x146
 .debug_loclists
                0x0000000000000000       0x19 counter_la_fir.elf-isr.o
 .debug_loclists
                0x0000000000000019       0xce counter_la_fir.elf-fir.o
 .debug_loclists
                0x00000000000000e7       0x5f counter_la_fir.elf-fir_control.o

.debug_frame    0x0000000000000000       0x9c
 .debug_frame   0x0000000000000000       0x20 counter_la_fir.elf-isr.o
 .debug_frame   0x0000000000000020       0x30 counter_la_fir.elf-fir.o
 .debug_frame   0x0000000000000050       0x4c counter_la_fir.elf-fir_control.o

.debug_rnglists
                0x0000000000000000       0x80
 .debug_rnglists
                0x0000000000000000       0x1f counter_la_fir.elf-fir.o
 .debug_rnglists
                0x000000000000001f       0x61 counter_la_fir.elf-fir_control.o
